../Core/Src/main.c:80:6:setupAccModule	32	static
../Core/Src/main.c:91:9:accFloat2Binary	16	static
../Core/Src/main.c:145:6:printBinaryNewline	24	static
../Core/Src/main.c:153:6:printBinary	24	static
../Core/Src/main.c:160:6:printAll	24	static
../Core/Src/main.c:166:7:ReadAccData	32	static
../Core/Src/main.c:196:6:print_raw_acc_bin	32	static
../Core/Src/main.c:227:6:write4BitGPIOs	16	static
../Core/Src/main.c:237:6:writeGPIOCountTest	8	static
../Core/Src/main.c:319:5:main	24	static
../Core/Src/main.c:390:6:SystemClock_Config	96	static
../Core/Src/main.c:435:13:MX_I2C1_Init	8	static
../Core/Src/main.c:483:13:MX_LPUART1_UART_Init	8	static
../Core/Src/main.c:531:13:MX_GPIO_Init	64	static
../Core/Src/main.c:772:1:__io_putchar	16	static
../Core/Src/main.c:784:6:Error_Handler	4	static,ignoring_inline_asm
