../Core/Src/main.c:88:5:main	16	static
../Core/Src/main.c:178:6:SystemClock_Config	96	static
../Core/Src/main.c:223:13:MX_I2C1_Init	8	static
../Core/Src/main.c:271:13:MX_LPUART1_UART_Init	8	static
../Core/Src/main.c:319:13:MX_SPI1_Init	8	static
../Core/Src/main.c:359:13:MX_TIM15_Init	40	static
../Core/Src/main.c:405:13:MX_TIM17_Init	24	static
../Core/Src/main.c:451:13:MX_GPIO_Init	64	static
../Core/Src/main.c:676:1:__io_putchar	16	static
../Core/Src/main.c:688:6:Error_Handler	4	static,ignoring_inline_asm
