../Core/Src/lcd.c:13:6:uint16_to_bytes	16	static
../Core/Src/lcd.c:72:6:LCD_reset	8	static
../Core/Src/lcd.c:82:19:LCD_writeCommand	32	static
../Core/Src/lcd.c:92:6:LCD_startWrite	8	static
../Core/Src/lcd.c:97:6:LCD_endWrite	8	static
../Core/Src/lcd.c:102:5:LCD_begin	24	static
../Core/Src/lcd.c:143:5:invertDisplay	24	static
../Core/Src/lcd.c:151:5:LCD_setAddrWindow	32	static
../Core/Src/lcd.c:178:10:LCD_color565	16	static
../Core/Src/lcd.c:182:5:LCD_pushColor	16	static
../Core/Src/lcd.c:191:5:LCD_pushColorCopy	32	static
../Core/Src/lcd.c:209:5:LCD_pushColors	32	static
../Core/Src/lcd.c:226:5:LCD_writePixel	32	static
../Core/Src/lcd.c:234:5:LCD_writePixels	32	static
../Core/Src/lcd.c:243:10:LCD_readPixel	32	static
../Core/Src/lcd.c:532:6:LCD_drawChar	48	static
../Core/Src/lcd.c:562:6:LCD_drawCharOPT	48	static
../Core/Src/lcd.c:596:6:LCD_drawCharNoBG	48	static
../Core/Src/lcd.c:620:6:LCD_drawString	40	static
../Core/Src/lcd.c:625:6:LCD_drawStringOPT	56	static
../Core/Src/lcd.c:630:6:LCD_drawStringNoBG	40	static
../Core/Src/lcd.c:635:6:LCD_drawButton	48	static
../Core/Src/lcd.c:665:6:LCD_drawButtonNoBG	48	static
../Core/Src/lcd.c:690:6:LCD_drawBattery	32	static
../Core/Src/lcd.c:720:6:LCD_drawFrame	24	static
../Core/Src/lcd.c:737:6:LCD_fillBattery	40	static
