12:23:29 **** Build of configuration Debug for project lcd ****
make -j12 all 
arm-none-eabi-gcc "../Drivers/STM32L4xx_HAL_Driver/Src/stm32l4xx_hal.c" -mcpu=cortex-m4 -std=gnu11 -g3 -DDEBUG -DUSE_HAL_DRIVER -DSTM32L4R5xx -c -I../Core/Inc -I../Drivers/STM32L4xx_HAL_Driver/Inc -I../Drivers/STM32L4xx_HAL_Driver/Inc/Legacy -I../Drivers/CMSIS/Device/ST/STM32L4xx/Include -I../Drivers/CMSIS/Include -O0 -ffunction-sections -fdata-sections -Wall -fstack-usage -fcyclomatic-complexity -MMD -MP -MF"Drivers/STM32L4xx_HAL_Driver/Src/stm32l4xx_hal.d" -MT"Drivers/STM32L4xx_HAL_Driver/Src/stm32l4xx_hal.o" --specs=nano.specs -mfpu=fpv4-sp-d16 -mfloat-abi=hard -mthumb -o "Drivers/STM32L4xx_HAL_Driver/Src/stm32l4xx_hal.o"
arm-none-eabi-gcc "../Drivers/STM32L4xx_HAL_Driver/Src/stm32l4xx_hal_cortex.c" -mcpu=cortex-m4 -std=gnu11 -g3 -DDEBUG -DUSE_HAL_DRIVER -DSTM32L4R5xx -c -I../Core/Inc -I../Drivers/STM32L4xx_HAL_Driver/Inc -I../Drivers/STM32L4xx_HAL_Driver/Inc/Legacy -I../Drivers/CMSIS/Device/ST/STM32L4xx/Include -I../Drivers/CMSIS/Include -O0 -ffunction-sections -fdata-sections -Wall -fstack-usage -fcyclomatic-complexity -MMD -MP -MF"Drivers/STM32L4xx_HAL_Driver/Src/stm32l4xx_hal_cortex.d" -MT"Drivers/STM32L4xx_HAL_Driver/Src/stm32l4xx_hal_cortex.o" --specs=nano.specs -mfpu=fpv4-sp-d16 -mfloat-abi=hard -mthumb -o "Drivers/STM32L4xx_HAL_Driver/Src/stm32l4xx_hal_cortex.o"
arm-none-eabi-gcc "../Drivers/STM32L4xx_HAL_Driver/Src/stm32l4xx_hal_dma.c" -mcpu=cortex-m4 -std=gnu11 -g3 -DDEBUG -DUSE_HAL_DRIVER -DSTM32L4R5xx -c -I../Core/Inc -I../Drivers/STM32L4xx_HAL_Driver/Inc -I../Drivers/STM32L4xx_HAL_Driver/Inc/Legacy -I../Drivers/CMSIS/Device/ST/STM32L4xx/Include -I../Drivers/CMSIS/Include -O0 -ffunction-sections -fdata-sections -Wall -fstack-usage -fcyclomatic-complexity -MMD -MP -MF"Drivers/STM32L4xx_HAL_Driver/Src/stm32l4xx_hal_dma.d" -MT"Drivers/STM32L4xx_HAL_Driver/Src/stm32l4xx_hal_dma.o" --specs=nano.specs -mfpu=fpv4-sp-d16 -mfloat-abi=hard -mthumb -o "Drivers/STM32L4xx_HAL_Driver/Src/stm32l4xx_hal_dma.o"
arm-none-eabi-gcc "../Drivers/STM32L4xx_HAL_Driver/Src/stm32l4xx_hal_dma_ex.c" -mcpu=cortex-m4 -std=gnu11 -g3 -DDEBUG -DUSE_HAL_DRIVER -DSTM32L4R5xx -c -I../Core/Inc -I../Drivers/STM32L4xx_HAL_Driver/Inc -I../Drivers/STM32L4xx_HAL_Driver/Inc/Legacy -I../Drivers/CMSIS/Device/ST/STM32L4xx/Include -I../Drivers/CMSIS/Include -O0 -ffunction-sections -fdata-sections -Wall -fstack-usage -fcyclomatic-complexity -MMD -MP -MF"Drivers/STM32L4xx_HAL_Driver/Src/stm32l4xx_hal_dma_ex.d" -MT"Drivers/STM32L4xx_HAL_Driver/Src/stm32l4xx_hal_dma_ex.o" --specs=nano.specs -mfpu=fpv4-sp-d16 -mfloat-abi=hard -mthumb -o "Drivers/STM32L4xx_HAL_Driver/Src/stm32l4xx_hal_dma_ex.o"
arm-none-eabi-gcc "../Drivers/STM32L4xx_HAL_Driver/Src/stm32l4xx_hal_exti.c" -mcpu=cortex-m4 -std=gnu11 -g3 -DDEBUG -DUSE_HAL_DRIVER -DSTM32L4R5xx -c -I../Core/Inc -I../Drivers/STM32L4xx_HAL_Driver/Inc -I../Drivers/STM32L4xx_HAL_Driver/Inc/Legacy -I../Drivers/CMSIS/Device/ST/STM32L4xx/Include -I../Drivers/CMSIS/Include -O0 -ffunction-sections -fdata-sections -Wall -fstack-usage -fcyclomatic-complexity -MMD -MP -MF"Drivers/STM32L4xx_HAL_Driver/Src/stm32l4xx_hal_exti.d" -MT"Drivers/STM32L4xx_HAL_Driver/Src/stm32l4xx_hal_exti.o" --specs=nano.specs -mfpu=fpv4-sp-d16 -mfloat-abi=hard -mthumb -o "Drivers/STM32L4xx_HAL_Driver/Src/stm32l4xx_hal_exti.o"
arm-none-eabi-gcc "../Drivers/STM32L4xx_HAL_Driver/Src/stm32l4xx_hal_flash.c" -mcpu=cortex-m4 -std=gnu11 -g3 -DDEBUG -DUSE_HAL_DRIVER -DSTM32L4R5xx -c -I../Core/Inc -I../Drivers/STM32L4xx_HAL_Driver/Inc -I../Drivers/STM32L4xx_HAL_Driver/Inc/Legacy -I../Drivers/CMSIS/Device/ST/STM32L4xx/Include -I../Drivers/CMSIS/Include -O0 -ffunction-sections -fdata-sections -Wall -fstack-usage -fcyclomatic-complexity -MMD -MP -MF"Drivers/STM32L4xx_HAL_Driver/Src/stm32l4xx_hal_flash.d" -MT"Drivers/STM32L4xx_HAL_Driver/Src/stm32l4xx_hal_flash.o" --specs=nano.specs -mfpu=fpv4-sp-d16 -mfloat-abi=hard -mthumb -o "Drivers/STM32L4xx_HAL_Driver/Src/stm32l4xx_hal_flash.o"
arm-none-eabi-gcc "../Drivers/STM32L4xx_HAL_Driver/Src/stm32l4xx_hal_flash_ex.c" -mcpu=cortex-m4 -std=gnu11 -g3 -DDEBUG -DUSE_HAL_DRIVER -DSTM32L4R5xx -c -I../Core/Inc -I../Drivers/STM32L4xx_HAL_Driver/Inc -I../Drivers/STM32L4xx_HAL_Driver/Inc/Legacy -I../Drivers/CMSIS/Device/ST/STM32L4xx/Include -I../Drivers/CMSIS/Include -O0 -ffunction-sections -fdata-sections -Wall -fstack-usage -fcyclomatic-complexity -MMD -MP -MF"Drivers/STM32L4xx_HAL_Driver/Src/stm32l4xx_hal_flash_ex.d" -MT"Drivers/STM32L4xx_HAL_Driver/Src/stm32l4xx_hal_flash_ex.o" --specs=nano.specs -mfpu=fpv4-sp-d16 -mfloat-abi=hard -mthumb -o "Drivers/STM32L4xx_HAL_Driver/Src/stm32l4xx_hal_flash_ex.o"
arm-none-eabi-gcc "../Drivers/STM32L4xx_HAL_Driver/Src/stm32l4xx_hal_flash_ramfunc.c" -mcpu=cortex-m4 -std=gnu11 -g3 -DDEBUG -DUSE_HAL_DRIVER -DSTM32L4R5xx -c -I../Core/Inc -I../Drivers/STM32L4xx_HAL_Driver/Inc -I../Drivers/STM32L4xx_HAL_Driver/Inc/Legacy -I../Drivers/CMSIS/Device/ST/STM32L4xx/Include -I../Drivers/CMSIS/Include -O0 -ffunction-sections -fdata-sections -Wall -fstack-usage -fcyclomatic-complexity -MMD -MP -MF"Drivers/STM32L4xx_HAL_Driver/Src/stm32l4xx_hal_flash_ramfunc.d" -MT"Drivers/STM32L4xx_HAL_Driver/Src/stm32l4xx_hal_flash_ramfunc.o" --specs=nano.specs -mfpu=fpv4-sp-d16 -mfloat-abi=hard -mthumb -o "Drivers/STM32L4xx_HAL_Driver/Src/stm32l4xx_hal_flash_ramfunc.o"
arm-none-eabi-gcc "../Drivers/STM32L4xx_HAL_Driver/Src/stm32l4xx_hal_gpio.c" -mcpu=cortex-m4 -std=gnu11 -g3 -DDEBUG -DUSE_HAL_DRIVER -DSTM32L4R5xx -c -I../Core/Inc -I../Drivers/STM32L4xx_HAL_Driver/Inc -I../Drivers/STM32L4xx_HAL_Driver/Inc/Legacy -I../Drivers/CMSIS/Device/ST/STM32L4xx/Include -I../Drivers/CMSIS/Include -O0 -ffunction-sections -fdata-sections -Wall -fstack-usage -fcyclomatic-complexity -MMD -MP -MF"Drivers/STM32L4xx_HAL_Driver/Src/stm32l4xx_hal_gpio.d" -MT"Drivers/STM32L4xx_HAL_Driver/Src/stm32l4xx_hal_gpio.o" --specs=nano.specs -mfpu=fpv4-sp-d16 -mfloat-abi=hard -mthumb -o "Drivers/STM32L4xx_HAL_Driver/Src/stm32l4xx_hal_gpio.o"
arm-none-eabi-gcc "../Drivers/STM32L4xx_HAL_Driver/Src/stm32l4xx_hal_pwr.c" -mcpu=cortex-m4 -std=gnu11 -g3 -DDEBUG -DUSE_HAL_DRIVER -DSTM32L4R5xx -c -I../Core/Inc -I../Drivers/STM32L4xx_HAL_Driver/Inc -I../Drivers/STM32L4xx_HAL_Driver/Inc/Legacy -I../Drivers/CMSIS/Device/ST/STM32L4xx/Include -I../Drivers/CMSIS/Include -O0 -ffunction-sections -fdata-sections -Wall -fstack-usage -fcyclomatic-complexity -MMD -MP -MF"Drivers/STM32L4xx_HAL_Driver/Src/stm32l4xx_hal_pwr.d" -MT"Drivers/STM32L4xx_HAL_Driver/Src/stm32l4xx_hal_pwr.o" --specs=nano.specs -mfpu=fpv4-sp-d16 -mfloat-abi=hard -mthumb -o "Drivers/STM32L4xx_HAL_Driver/Src/stm32l4xx_hal_pwr.o"
arm-none-eabi-gcc "../Drivers/STM32L4xx_HAL_Driver/Src/stm32l4xx_hal_pwr_ex.c" -mcpu=cortex-m4 -std=gnu11 -g3 -DDEBUG -DUSE_HAL_DRIVER -DSTM32L4R5xx -c -I../Core/Inc -I../Drivers/STM32L4xx_HAL_Driver/Inc -I../Drivers/STM32L4xx_HAL_Driver/Inc/Legacy -I../Drivers/CMSIS/Device/ST/STM32L4xx/Include -I../Drivers/CMSIS/Include -O0 -ffunction-sections -fdata-sections -Wall -fstack-usage -fcyclomatic-complexity -MMD -MP -MF"Drivers/STM32L4xx_HAL_Driver/Src/stm32l4xx_hal_pwr_ex.d" -MT"Drivers/STM32L4xx_HAL_Driver/Src/stm32l4xx_hal_pwr_ex.o" --specs=nano.specs -mfpu=fpv4-sp-d16 -mfloat-abi=hard -mthumb -o "Drivers/STM32L4xx_HAL_Driver/Src/stm32l4xx_hal_pwr_ex.o"
arm-none-eabi-gcc "../Drivers/STM32L4xx_HAL_Driver/Src/stm32l4xx_hal_rcc.c" -mcpu=cortex-m4 -std=gnu11 -g3 -DDEBUG -DUSE_HAL_DRIVER -DSTM32L4R5xx -c -I../Core/Inc -I../Drivers/STM32L4xx_HAL_Driver/Inc -I../Drivers/STM32L4xx_HAL_Driver/Inc/Legacy -I../Drivers/CMSIS/Device/ST/STM32L4xx/Include -I../Drivers/CMSIS/Include -O0 -ffunction-sections -fdata-sections -Wall -fstack-usage -fcyclomatic-complexity -MMD -MP -MF"Drivers/STM32L4xx_HAL_Driver/Src/stm32l4xx_hal_rcc.d" -MT"Drivers/STM32L4xx_HAL_Driver/Src/stm32l4xx_hal_rcc.o" --specs=nano.specs -mfpu=fpv4-sp-d16 -mfloat-abi=hard -mthumb -o "Drivers/STM32L4xx_HAL_Driver/Src/stm32l4xx_hal_rcc.o"
arm-none-eabi-gcc "../Drivers/STM32L4xx_HAL_Driver/Src/stm32l4xx_hal_rcc_ex.c" -mcpu=cortex-m4 -std=gnu11 -g3 -DDEBUG -DUSE_HAL_DRIVER -DSTM32L4R5xx -c -I../Core/Inc -I../Drivers/STM32L4xx_HAL_Driver/Inc -I../Drivers/STM32L4xx_HAL_Driver/Inc/Legacy -I../Drivers/CMSIS/Device/ST/STM32L4xx/Include -I../Drivers/CMSIS/Include -O0 -ffunction-sections -fdata-sections -Wall -fstack-usage -fcyclomatic-complexity -MMD -MP -MF"Drivers/STM32L4xx_HAL_Driver/Src/stm32l4xx_hal_rcc_ex.d" -MT"Drivers/STM32L4xx_HAL_Driver/Src/stm32l4xx_hal_rcc_ex.o" --specs=nano.specs -mfpu=fpv4-sp-d16 -mfloat-abi=hard -mthumb -o "Drivers/STM32L4xx_HAL_Driver/Src/stm32l4xx_hal_rcc_ex.o"
arm-none-eabi-gcc "../Drivers/STM32L4xx_HAL_Driver/Src/stm32l4xx_hal_spi.c" -mcpu=cortex-m4 -std=gnu11 -g3 -DDEBUG -DUSE_HAL_DRIVER -DSTM32L4R5xx -c -I../Core/Inc -I../Drivers/STM32L4xx_HAL_Driver/Inc -I../Drivers/STM32L4xx_HAL_Driver/Inc/Legacy -I../Drivers/CMSIS/Device/ST/STM32L4xx/Include -I../Drivers/CMSIS/Include -O0 -ffunction-sections -fdata-sections -Wall -fstack-usage -fcyclomatic-complexity -MMD -MP -MF"Drivers/STM32L4xx_HAL_Driver/Src/stm32l4xx_hal_spi.d" -MT"Drivers/STM32L4xx_HAL_Driver/Src/stm32l4xx_hal_spi.o" --specs=nano.specs -mfpu=fpv4-sp-d16 -mfloat-abi=hard -mthumb -o "Drivers/STM32L4xx_HAL_Driver/Src/stm32l4xx_hal_spi.o"
arm-none-eabi-gcc "../Drivers/STM32L4xx_HAL_Driver/Src/stm32l4xx_hal_spi_ex.c" -mcpu=cortex-m4 -std=gnu11 -g3 -DDEBUG -DUSE_HAL_DRIVER -DSTM32L4R5xx -c -I../Core/Inc -I../Drivers/STM32L4xx_HAL_Driver/Inc -I../Drivers/STM32L4xx_HAL_Driver/Inc/Legacy -I../Drivers/CMSIS/Device/ST/STM32L4xx/Include -I../Drivers/CMSIS/Include -O0 -ffunction-sections -fdata-sections -Wall -fstack-usage -fcyclomatic-complexity -MMD -MP -MF"Drivers/STM32L4xx_HAL_Driver/Src/stm32l4xx_hal_spi_ex.d" -MT"Drivers/STM32L4xx_HAL_Driver/Src/stm32l4xx_hal_spi_ex.o" --specs=nano.specs -mfpu=fpv4-sp-d16 -mfloat-abi=hard -mthumb -o "Drivers/STM32L4xx_HAL_Driver/Src/stm32l4xx_hal_spi_ex.o"
arm-none-eabi-gcc "../Drivers/STM32L4xx_HAL_Driver/Src/stm32l4xx_hal_tim.c" -mcpu=cortex-m4 -std=gnu11 -g3 -DDEBUG -DUSE_HAL_DRIVER -DSTM32L4R5xx -c -I../Core/Inc -I../Drivers/STM32L4xx_HAL_Driver/Inc -I../Drivers/STM32L4xx_HAL_Driver/Inc/Legacy -I../Drivers/CMSIS/Device/ST/STM32L4xx/Include -I../Drivers/CMSIS/Include -O0 -ffunction-sections -fdata-sections -Wall -fstack-usage -fcyclomatic-complexity -MMD -MP -MF"Drivers/STM32L4xx_HAL_Driver/Src/stm32l4xx_hal_tim.d" -MT"Drivers/STM32L4xx_HAL_Driver/Src/stm32l4xx_hal_tim.o" --specs=nano.specs -mfpu=fpv4-sp-d16 -mfloat-abi=hard -mthumb -o "Drivers/STM32L4xx_HAL_Driver/Src/stm32l4xx_hal_tim.o"
arm-none-eabi-gcc "../Drivers/STM32L4xx_HAL_Driver/Src/stm32l4xx_hal_tim_ex.c" -mcpu=cortex-m4 -std=gnu11 -g3 -DDEBUG -DUSE_HAL_DRIVER -DSTM32L4R5xx -c -I../Core/Inc -I../Drivers/STM32L4xx_HAL_Driver/Inc -I../Drivers/STM32L4xx_HAL_Driver/Inc/Legacy -I../Drivers/CMSIS/Device/ST/STM32L4xx/Include -I../Drivers/CMSIS/Include -O0 -ffunction-sections -fdata-sections -Wall -fstack-usage -fcyclomatic-complexity -MMD -MP -MF"Drivers/STM32L4xx_HAL_Driver/Src/stm32l4xx_hal_tim_ex.d" -MT"Drivers/STM32L4xx_HAL_Driver/Src/stm32l4xx_hal_tim_ex.o" --specs=nano.specs -mfpu=fpv4-sp-d16 -mfloat-abi=hard -mthumb -o "Drivers/STM32L4xx_HAL_Driver/Src/stm32l4xx_hal_tim_ex.o"
arm-none-eabi-gcc -mcpu=cortex-m4 -g3 -DDEBUG -c -x assembler-with-cpp -MMD -MP -MF"Core/Startup/startup_stm32l4r5zitxp.d" -MT"Core/Startup/startup_stm32l4r5zitxp.o" --specs=nano.specs -mfpu=fpv4-sp-d16 -mfloat-abi=hard -mthumb -o "Core/Startup/startup_stm32l4r5zitxp.o" "../Core/Startup/startup_stm32l4r5zitxp.s"
arm-none-eabi-gcc "../Core/Src/lcd.c" -mcpu=cortex-m4 -std=gnu11 -g3 -DDEBUG -DUSE_HAL_DRIVER -DSTM32L4R5xx -c -I../Core/Inc -I../Drivers/STM32L4xx_HAL_Driver/Inc -I../Drivers/STM32L4xx_HAL_Driver/Inc/Legacy -I../Drivers/CMSIS/Device/ST/STM32L4xx/Include -I../Drivers/CMSIS/Include -O0 -ffunction-sections -fdata-sections -Wall -fstack-usage -fcyclomatic-complexity -MMD -MP -MF"Core/Src/lcd.d" -MT"Core/Src/lcd.o" --specs=nano.specs -mfpu=fpv4-sp-d16 -mfloat-abi=hard -mthumb -o "Core/Src/lcd.o"
arm-none-eabi-gcc "../Core/Src/main.c" -mcpu=cortex-m4 -std=gnu11 -g3 -DDEBUG -DUSE_HAL_DRIVER -DSTM32L4R5xx -c -I../Core/Inc -I../Drivers/STM32L4xx_HAL_Driver/Inc -I../Drivers/STM32L4xx_HAL_Driver/Inc/Legacy -I../Drivers/CMSIS/Device/ST/STM32L4xx/Include -I../Drivers/CMSIS/Include -O0 -ffunction-sections -fdata-sections -Wall -fstack-usage -fcyclomatic-complexity -MMD -MP -MF"Core/Src/main.d" -MT"Core/Src/main.o" --specs=nano.specs -mfpu=fpv4-sp-d16 -mfloat-abi=hard -mthumb -o "Core/Src/main.o"
arm-none-eabi-gcc "../Core/Src/stm32l4xx_hal_msp.c" -mcpu=cortex-m4 -std=gnu11 -g3 -DDEBUG -DUSE_HAL_DRIVER -DSTM32L4R5xx -c -I../Core/Inc -I../Drivers/STM32L4xx_HAL_Driver/Inc -I../Drivers/STM32L4xx_HAL_Driver/Inc/Legacy -I../Drivers/CMSIS/Device/ST/STM32L4xx/Include -I../Drivers/CMSIS/Include -O0 -ffunction-sections -fdata-sections -Wall -fstack-usage -fcyclomatic-complexity -MMD -MP -MF"Core/Src/stm32l4xx_hal_msp.d" -MT"Core/Src/stm32l4xx_hal_msp.o" --specs=nano.specs -mfpu=fpv4-sp-d16 -mfloat-abi=hard -mthumb -o "Core/Src/stm32l4xx_hal_msp.o"
arm-none-eabi-gcc "../Core/Src/stm32l4xx_it.c" -mcpu=cortex-m4 -std=gnu11 -g3 -DDEBUG -DUSE_HAL_DRIVER -DSTM32L4R5xx -c -I../Core/Inc -I../Drivers/STM32L4xx_HAL_Driver/Inc -I../Drivers/STM32L4xx_HAL_Driver/Inc/Legacy -I../Drivers/CMSIS/Device/ST/STM32L4xx/Include -I../Drivers/CMSIS/Include -O0 -ffunction-sections -fdata-sections -Wall -fstack-usage -fcyclomatic-complexity -MMD -MP -MF"Core/Src/stm32l4xx_it.d" -MT"Core/Src/stm32l4xx_it.o" --specs=nano.specs -mfpu=fpv4-sp-d16 -mfloat-abi=hard -mthumb -o "Core/Src/stm32l4xx_it.o"
arm-none-eabi-gcc "../Core/Src/syscalls.c" -mcpu=cortex-m4 -std=gnu11 -g3 -DDEBUG -DUSE_HAL_DRIVER -DSTM32L4R5xx -c -I../Core/Inc -I../Drivers/STM32L4xx_HAL_Driver/Inc -I../Drivers/STM32L4xx_HAL_Driver/Inc/Legacy -I../Drivers/CMSIS/Device/ST/STM32L4xx/Include -I../Drivers/CMSIS/Include -O0 -ffunction-sections -fdata-sections -Wall -fstack-usage -fcyclomatic-complexity -MMD -MP -MF"Core/Src/syscalls.d" -MT"Core/Src/syscalls.o" --specs=nano.specs -mfpu=fpv4-sp-d16 -mfloat-abi=hard -mthumb -o "Core/Src/syscalls.o"
arm-none-eabi-gcc "../Core/Src/sysmem.c" -mcpu=cortex-m4 -std=gnu11 -g3 -DDEBUG -DUSE_HAL_DRIVER -DSTM32L4R5xx -c -I../Core/Inc -I../Drivers/STM32L4xx_HAL_Driver/Inc -I../Drivers/STM32L4xx_HAL_Driver/Inc/Legacy -I../Drivers/CMSIS/Device/ST/STM32L4xx/Include -I../Drivers/CMSIS/Include -O0 -ffunction-sections -fdata-sections -Wall -fstack-usage -fcyclomatic-complexity -MMD -MP -MF"Core/Src/sysmem.d" -MT"Core/Src/sysmem.o" --specs=nano.specs -mfpu=fpv4-sp-d16 -mfloat-abi=hard -mthumb -o "Core/Src/sysmem.o"
arm-none-eabi-gcc "../Core/Src/system_stm32l4xx.c" -mcpu=cortex-m4 -std=gnu11 -g3 -DDEBUG -DUSE_HAL_DRIVER -DSTM32L4R5xx -c -I../Core/Inc -I../Drivers/STM32L4xx_HAL_Driver/Inc -I../Drivers/STM32L4xx_HAL_Driver/Inc/Legacy -I../Drivers/CMSIS/Device/ST/STM32L4xx/Include -I../Drivers/CMSIS/Include -O0 -ffunction-sections -fdata-sections -Wall -fstack-usage -fcyclomatic-complexity -MMD -MP -MF"Core/Src/system_stm32l4xx.d" -MT"Core/Src/system_stm32l4xx.o" --specs=nano.specs -mfpu=fpv4-sp-d16 -mfloat-abi=hard -mthumb -o "Core/Src/system_stm32l4xx.o"
../Core/Src/main.c: In function 'main':
../Core/Src/main.c:92:3: warning: implicit declaration of function 'LCD_begin' [-Wimplicit-function-declaration]
   92 |   LCD_begin(hspi1);
      |   ^~~~~~~~~
../Core/Src/main.c:93:3: warning: implicit declaration of function 'LCD_pushColor' [-Wimplicit-function-declaration]
   93 |   LCD_pushColor(hspi1,HX8357_BLUE);
      |   ^~~~~~~~~~~~~
../Core/Src/main.c:93:23: error: 'HX8357_BLUE' undeclared (first use in this function)
   93 |   LCD_pushColor(hspi1,HX8357_BLUE);
      |                       ^~~~~~~~~~~
../Core/Src/main.c:93:23: note: each undeclared identifier is reported only once for each function it appears in
make: *** [Core/Src/subdir.mk:37: Core/Src/main.o] Error 1
make: *** Waiting for unfinished jobs....
"make -j12 all" terminated with exit code 2. Build might be incomplete.
12:24:43 **** Incremental Build of configuration Debug for project lcd ****
make -j12 all 
arm-none-eabi-gcc "../Core/Src/main.c" -mcpu=cortex-m4 -std=gnu11 -g3 -DDEBUG -DUSE_HAL_DRIVER -DSTM32L4R5xx -c -I../Core/Inc -I../Drivers/STM32L4xx_HAL_Driver/Inc -I../Drivers/STM32L4xx_HAL_Driver/Inc/Legacy -I../Drivers/CMSIS/Device/ST/STM32L4xx/Include -I../Drivers/CMSIS/Include -O0 -ffunction-sections -fdata-sections -Wall -fstack-usage -fcyclomatic-complexity -MMD -MP -MF"Core/Src/main.d" -MT"Core/Src/main.o" --specs=nano.specs -mfpu=fpv4-sp-d16 -mfloat-abi=hard -mthumb -o "Core/Src/main.o"
../Core/Src/main.c: In function 'main':
../Core/Src/main.c:92:13: error: incompatible type for argument 1 of 'LCD_begin'
   92 |   LCD_begin(hspi1);
      |             ^~~~~
      |             |
      |             SPI_HandleTypeDef {aka struct __SPI_HandleTypeDef}
In file included from ../Core/Src/main.c:21:
../Core/Inc/lcd.h:121:34: note: expected 'SPI_HandleTypeDef *' {aka 'struct __SPI_HandleTypeDef *'} but argument is of type 'SPI_HandleTypeDef' {aka 'struct __SPI_HandleTypeDef'}
  121 | int LCD_begin(SPI_HandleTypeDef* spi);
      |               ~~~~~~~~~~~~~~~~~~~^~~
../Core/Src/main.c:93:17: error: incompatible type for argument 1 of 'LCD_pushColor'
   93 |   LCD_pushColor(hspi1,HX8357_BLUE);
      |                 ^~~~~
      |                 |
      |                 SPI_HandleTypeDef {aka struct __SPI_HandleTypeDef}
In file included from ../Core/Src/main.c:21:
../Core/Inc/lcd.h:125:38: note: expected 'SPI_HandleTypeDef *' {aka 'struct __SPI_HandleTypeDef *'} but argument is of type 'SPI_HandleTypeDef' {aka 'struct __SPI_HandleTypeDef'}
  125 | int LCD_pushColor(SPI_HandleTypeDef* spi, uint16_t color);
      |                   ~~~~~~~~~~~~~~~~~~~^~~
make: *** [Core/Src/subdir.mk:37: Core/Src/main.o] Error 1
"make -j12 all" terminated with exit code 2. Build might be incomplete.
12:25:20 **** Incremental Build of configuration Debug for project lcd ****
make -j12 all 
arm-none-eabi-gcc "../Core/Src/main.c" -mcpu=cortex-m4 -std=gnu11 -g3 -DDEBUG -DUSE_HAL_DRIVER -DSTM32L4R5xx -c -I../Core/Inc -I../Drivers/STM32L4xx_HAL_Driver/Inc -I../Drivers/STM32L4xx_HAL_Driver/Inc/Legacy -I../Drivers/CMSIS/Device/ST/STM32L4xx/Include -I../Drivers/CMSIS/Include -O0 -ffunction-sections -fdata-sections -Wall -fstack-usage -fcyclomatic-complexity -MMD -MP -MF"Core/Src/main.d" -MT"Core/Src/main.o" --specs=nano.specs -mfpu=fpv4-sp-d16 -mfloat-abi=hard -mthumb -o "Core/Src/main.o"
arm-none-eabi-gcc -o "lcd.elf" @"objects.list"   -mcpu=cortex-m4 -T"C:\Users\ndib8\Desktop\TADAMHESPEV\TADAMHESPEV\373_Proj\TADAMHESPEV_lcd\lcd\STM32L4R5ZITXP_FLASH.ld" --specs=nosys.specs -Wl,-Map="lcd.map" -Wl,--gc-sections -static --specs=nano.specs -mfpu=fpv4-sp-d16 -mfloat-abi=hard -mthumb -Wl,--start-group -lc -lm -Wl,--end-group
Finished building target: lcd.elf
 
arm-none-eabi-size   lcd.elf 
arm-none-eabi-objdump -h -S  lcd.elf  > "lcd.list"
   text	   data	    bss	    dec	    hex	filename
  11344	    124	   1668	  13136	   3350	lcd.elf
Finished building: default.size.stdout
 
Finished building: lcd.list
 
12:25:36 **** Incremental Build of configuration Debug for project lcd ****
make -j12 all 
arm-none-eabi-size   lcd.elf 
   text	   data	    bss	    dec	    hex	filename
  11344	    124	   1668	  13136	   3350	lcd.elf
Finished building: default.size.stdout
 
12:26:19 **** Incremental Build of configuration Debug for project lcd ****
make -j12 all 
arm-none-eabi-size   lcd.elf 
   text	   data	    bss	    dec	    hex	filename
  11344	    124	   1668	  13136	   3350	lcd.elf
Finished building: default.size.stdout
 
12:29:26 **** Incremental Build of configuration Debug for project lcd ****
make -j12 all 
arm-none-eabi-gcc "../Core/Src/main.c" -mcpu=cortex-m4 -std=gnu11 -g3 -DDEBUG -DUSE_HAL_DRIVER -DSTM32L4R5xx -c -I../Core/Inc -I../Drivers/STM32L4xx_HAL_Driver/Inc -I../Drivers/STM32L4xx_HAL_Driver/Inc/Legacy -I../Drivers/CMSIS/Device/ST/STM32L4xx/Include -I../Drivers/CMSIS/Include -O0 -ffunction-sections -fdata-sections -Wall -fstack-usage -fcyclomatic-complexity -MMD -MP -MF"Core/Src/main.d" -MT"Core/Src/main.o" --specs=nano.specs -mfpu=fpv4-sp-d16 -mfloat-abi=hard -mthumb -o "Core/Src/main.o"
arm-none-eabi-gcc -o "lcd.elf" @"objects.list"   -mcpu=cortex-m4 -T"C:\Users\ndib8\Desktop\TADAMHESPEV\TADAMHESPEV\373_Proj\TADAMHESPEV_lcd\lcd\STM32L4R5ZITXP_FLASH.ld" --specs=nosys.specs -Wl,-Map="lcd.map" -Wl,--gc-sections -static --specs=nano.specs -mfpu=fpv4-sp-d16 -mfloat-abi=hard -mthumb -Wl,--start-group -lc -lm -Wl,--end-group
Finished building target: lcd.elf
 
arm-none-eabi-size   lcd.elf 
arm-none-eabi-objdump -h -S  lcd.elf  > "lcd.list"
   text	   data	    bss	    dec	    hex	filename
  11908	    124	   1668	  13700	   3584	lcd.elf
Finished building: default.size.stdout
 
Finished building: lcd.list
 
12:29:54 **** Incremental Build of configuration Debug for project lcd ****
make -j12 all 
arm-none-eabi-size   lcd.elf 
   text	   data	    bss	    dec	    hex	filename
  11908	    124	   1668	  13700	   3584	lcd.elf
Finished building: default.size.stdout
 
12:33:44 **** Incremental Build of configuration Debug for project lcd ****
make -j12 all 
arm-none-eabi-gcc "../Core/Src/main.c" -mcpu=cortex-m4 -std=gnu11 -g3 -DDEBUG -DUSE_HAL_DRIVER -DSTM32L4R5xx -c -I../Core/Inc -I../Drivers/STM32L4xx_HAL_Driver/Inc -I../Drivers/STM32L4xx_HAL_Driver/Inc/Legacy -I../Drivers/CMSIS/Device/ST/STM32L4xx/Include -I../Drivers/CMSIS/Include -O0 -ffunction-sections -fdata-sections -Wall -fstack-usage -fcyclomatic-complexity -MMD -MP -MF"Core/Src/main.d" -MT"Core/Src/main.o" --specs=nano.specs -mfpu=fpv4-sp-d16 -mfloat-abi=hard -mthumb -o "Core/Src/main.o"
arm-none-eabi-gcc -o "lcd.elf" @"objects.list"   -mcpu=cortex-m4 -T"C:\Users\ndib8\Desktop\TADAMHESPEV\TADAMHESPEV\373_Proj\TADAMHESPEV_lcd\lcd\STM32L4R5ZITXP_FLASH.ld" --specs=nosys.specs -Wl,-Map="lcd.map" -Wl,--gc-sections -static --specs=nano.specs -mfpu=fpv4-sp-d16 -mfloat-abi=hard -mthumb -Wl,--start-group -lc -lm -Wl,--end-group
Finished building target: lcd.elf
 
arm-none-eabi-size   lcd.elf 
arm-none-eabi-objdump -h -S  lcd.elf  > "lcd.list"
   text	   data	    bss	    dec	    hex	filename
  11876	    124	   1668	  13668	   3564	lcd.elf
Finished building: default.size.stdout
 
Finished building: lcd.list
 
12:34:03 **** Incremental Build of configuration Debug for project lcd ****
make -j12 all 
arm-none-eabi-size   lcd.elf 
   text	   data	    bss	    dec	    hex	filename
  11876	    124	   1668	  13668	   3564	lcd.elf
Finished building: default.size.stdout
 
12:40:46 **** Incremental Build of configuration Debug for project lcd ****
make -j12 all 
arm-none-eabi-gcc "../Core/Src/main.c" -mcpu=cortex-m4 -std=gnu11 -g3 -DDEBUG -DUSE_HAL_DRIVER -DSTM32L4R5xx -c -I../Core/Inc -I../Drivers/STM32L4xx_HAL_Driver/Inc -I../Drivers/STM32L4xx_HAL_Driver/Inc/Legacy -I../Drivers/CMSIS/Device/ST/STM32L4xx/Include -I../Drivers/CMSIS/Include -O0 -ffunction-sections -fdata-sections -Wall -fstack-usage -fcyclomatic-complexity -MMD -MP -MF"Core/Src/main.d" -MT"Core/Src/main.o" --specs=nano.specs -mfpu=fpv4-sp-d16 -mfloat-abi=hard -mthumb -o "Core/Src/main.o"
../Core/Src/main.c: In function 'main':
../Core/Src/main.c:100:18: error: invalid type argument of unary '*' (have 'SPI_HandleTypeDef' {aka 'struct __SPI_HandleTypeDef'})
  100 |   LCD_drawString(*hspi1,50,100,word,11,HX8357_BLACK,10);
      |                  ^~~~~~
../Core/Src/main.c:100:32: warning: pointer targets in passing argument 4 of 'LCD_drawString' differ in signedness [-Wpointer-sign]
  100 |   LCD_drawString(*hspi1,50,100,word,11,HX8357_BLACK,10);
      |                                ^~~~
      |                                |
      |                                char *
In file included from ../Core/Src/main.c:21:
../Core/Inc/lcd.h:131:82: note: expected 'unsigned char *' but argument is of type 'char *'
  131 | void LCD_drawString(SPI_HandleTypeDef* spi, int16_t x, int16_t y, unsigned char* c, uint32_t length, uint16_t color, uint32_t size);
      |                                                                   ~~~~~~~~~~~~~~~^
../Core/Src/main.c:101:18: error: invalid type argument of unary '*' (have 'SPI_HandleTypeDef' {aka 'struct __SPI_HandleTypeDef'})
  101 |   LCD_drawString(*hspi1,50,200,word,11,HX8357_BLACK,20);
      |                  ^~~~~~
../Core/Src/main.c:101:32: warning: pointer targets in passing argument 4 of 'LCD_drawString' differ in signedness [-Wpointer-sign]
  101 |   LCD_drawString(*hspi1,50,200,word,11,HX8357_BLACK,20);
      |                                ^~~~
      |                                |
      |                                char *
In file included from ../Core/Src/main.c:21:
../Core/Inc/lcd.h:131:82: note: expected 'unsigned char *' but argument is of type 'char *'
  131 | void LCD_drawString(SPI_HandleTypeDef* spi, int16_t x, int16_t y, unsigned char* c, uint32_t length, uint16_t color, uint32_t size);
      |                                                                   ~~~~~~~~~~~~~~~^
make: *** [Core/Src/subdir.mk:37: Core/Src/main.o] Error 1
"make -j12 all" terminated with exit code 2. Build might be incomplete.
12:41:19 **** Incremental Build of configuration Debug for project lcd ****
make -j12 all 
arm-none-eabi-gcc "../Core/Src/main.c" -mcpu=cortex-m4 -std=gnu11 -g3 -DDEBUG -DUSE_HAL_DRIVER -DSTM32L4R5xx -c -I../Core/Inc -I../Drivers/STM32L4xx_HAL_Driver/Inc -I../Drivers/STM32L4xx_HAL_Driver/Inc/Legacy -I../Drivers/CMSIS/Device/ST/STM32L4xx/Include -I../Drivers/CMSIS/Include -O0 -ffunction-sections -fdata-sections -Wall -fstack-usage -fcyclomatic-complexity -MMD -MP -MF"Core/Src/main.d" -MT"Core/Src/main.o" --specs=nano.specs -mfpu=fpv4-sp-d16 -mfloat-abi=hard -mthumb -o "Core/Src/main.o"
../Core/Src/main.c: In function 'main':
../Core/Src/main.c:100:18: error: invalid type argument of unary '*' (have 'SPI_HandleTypeDef' {aka 'struct __SPI_HandleTypeDef'})
  100 |   LCD_drawString(*hspi1,50,100,word,11,HX8357_BLACK,10);
      |                  ^~~~~~
../Core/Src/main.c:100:32: warning: pointer targets in passing argument 4 of 'LCD_drawString' differ in signedness [-Wpointer-sign]
  100 |   LCD_drawString(*hspi1,50,100,word,11,HX8357_BLACK,10);
      |                                ^~~~
      |                                |
      |                                char *
In file included from ../Core/Src/main.c:21:
../Core/Inc/lcd.h:131:82: note: expected 'unsigned char *' but argument is of type 'char *'
  131 | void LCD_drawString(SPI_HandleTypeDef* spi, int16_t x, int16_t y, unsigned char* c, uint32_t length, uint16_t color, uint32_t size);
      |                                                                   ~~~~~~~~~~~~~~~^
../Core/Src/main.c:101:18: error: invalid type argument of unary '*' (have 'SPI_HandleTypeDef' {aka 'struct __SPI_HandleTypeDef'})
  101 |   LCD_drawString(*hspi1,50,200,word,11,HX8357_BLACK,20);
      |                  ^~~~~~
../Core/Src/main.c:101:32: warning: pointer targets in passing argument 4 of 'LCD_drawString' differ in signedness [-Wpointer-sign]
  101 |   LCD_drawString(*hspi1,50,200,word,11,HX8357_BLACK,20);
      |                                ^~~~
      |                                |
      |                                char *
In file included from ../Core/Src/main.c:21:
../Core/Inc/lcd.h:131:82: note: expected 'unsigned char *' but argument is of type 'char *'
  131 | void LCD_drawString(SPI_HandleTypeDef* spi, int16_t x, int16_t y, unsigned char* c, uint32_t length, uint16_t color, uint32_t size);
      |                                                                   ~~~~~~~~~~~~~~~^
make: *** [Core/Src/subdir.mk:37: Core/Src/main.o] Error 1
"make -j12 all" terminated with exit code 2. Build might be incomplete.
12:41:35 **** Incremental Build of configuration Debug for project lcd ****
make -j12 all 
arm-none-eabi-gcc "../Core/Src/main.c" -mcpu=cortex-m4 -std=gnu11 -g3 -DDEBUG -DUSE_HAL_DRIVER -DSTM32L4R5xx -c -I../Core/Inc -I../Drivers/STM32L4xx_HAL_Driver/Inc -I../Drivers/STM32L4xx_HAL_Driver/Inc/Legacy -I../Drivers/CMSIS/Device/ST/STM32L4xx/Include -I../Drivers/CMSIS/Include -O0 -ffunction-sections -fdata-sections -Wall -fstack-usage -fcyclomatic-complexity -MMD -MP -MF"Core/Src/main.d" -MT"Core/Src/main.o" --specs=nano.specs -mfpu=fpv4-sp-d16 -mfloat-abi=hard -mthumb -o "Core/Src/main.o"
../Core/Src/main.c: In function 'main':
../Core/Src/main.c:100:32: warning: pointer targets in passing argument 4 of 'LCD_drawString' differ in signedness [-Wpointer-sign]
  100 |   LCD_drawString(&hspi1,50,100,word,11,HX8357_BLACK,10);
      |                                ^~~~
      |                                |
      |                                char *
In file included from ../Core/Src/main.c:21:
../Core/Inc/lcd.h:131:82: note: expected 'unsigned char *' but argument is of type 'char *'
  131 | void LCD_drawString(SPI_HandleTypeDef* spi, int16_t x, int16_t y, unsigned char* c, uint32_t length, uint16_t color, uint32_t size);
      |                                                                   ~~~~~~~~~~~~~~~^
../Core/Src/main.c:101:32: warning: pointer targets in passing argument 4 of 'LCD_drawString' differ in signedness [-Wpointer-sign]
  101 |   LCD_drawString(&hspi1,50,200,word,11,HX8357_BLACK,20);
      |                                ^~~~
      |                                |
      |                                char *
In file included from ../Core/Src/main.c:21:
../Core/Inc/lcd.h:131:82: note: expected 'unsigned char *' but argument is of type 'char *'
  131 | void LCD_drawString(SPI_HandleTypeDef* spi, int16_t x, int16_t y, unsigned char* c, uint32_t length, uint16_t color, uint32_t size);
      |                                                                   ~~~~~~~~~~~~~~~^
arm-none-eabi-gcc -o "lcd.elf" @"objects.list"   -mcpu=cortex-m4 -T"C:\Users\ndib8\Desktop\TADAMHESPEV\TADAMHESPEV\373_Proj\TADAMHESPEV_lcd\lcd\STM32L4R5ZITXP_FLASH.ld" --specs=nosys.specs -Wl,-Map="lcd.map" -Wl,--gc-sections -static --specs=nano.specs -mfpu=fpv4-sp-d16 -mfloat-abi=hard -mthumb -Wl,--start-group -lc -lm -Wl,--end-group
Finished building target: lcd.elf
 
arm-none-eabi-size   lcd.elf 
arm-none-eabi-objdump -h -S  lcd.elf  > "lcd.list"
   text	   data	    bss	    dec	    hex	filename
  14000	    124	   1668	  15792	   3db0	lcd.elf
Finished building: default.size.stdout
 
Finished building: lcd.list
 
12:41:42 **** Incremental Build of configuration Debug for project lcd ****
make -j12 all 
arm-none-eabi-size   lcd.elf 
   text	   data	    bss	    dec	    hex	filename
  14000	    124	   1668	  15792	   3db0	lcd.elf
Finished building: default.size.stdout
 
12:48:34 **** Incremental Build of configuration Debug for project lcd ****
make -j12 all 
arm-none-eabi-gcc "../Core/Src/main.c" -mcpu=cortex-m4 -std=gnu11 -g3 -DDEBUG -DUSE_HAL_DRIVER -DSTM32L4R5xx -c -I../Core/Inc -I../Drivers/STM32L4xx_HAL_Driver/Inc -I../Drivers/STM32L4xx_HAL_Driver/Inc/Legacy -I../Drivers/CMSIS/Device/ST/STM32L4xx/Include -I../Drivers/CMSIS/Include -O0 -ffunction-sections -fdata-sections -Wall -fstack-usage -fcyclomatic-complexity -MMD -MP -MF"Core/Src/main.d" -MT"Core/Src/main.o" --specs=nano.specs -mfpu=fpv4-sp-d16 -mfloat-abi=hard -mthumb -o "Core/Src/main.o"
../Core/Src/main.c: In function 'main':
../Core/Src/main.c:101:32: warning: pointer targets in passing argument 4 of 'LCD_drawString' differ in signedness [-Wpointer-sign]
  101 |   LCD_drawString(&hspi1,25,100,word,11,HX8357_BLACK,2);
      |                                ^~~~
      |                                |
      |                                char *
In file included from ../Core/Src/main.c:21:
../Core/Inc/lcd.h:131:82: note: expected 'unsigned char *' but argument is of type 'char *'
  131 | void LCD_drawString(SPI_HandleTypeDef* spi, int16_t x, int16_t y, unsigned char* c, uint32_t length, uint16_t color, uint32_t size);
      |                                                                   ~~~~~~~~~~~~~~~^
../Core/Src/main.c:102:32: warning: pointer targets in passing argument 4 of 'LCD_drawString' differ in signedness [-Wpointer-sign]
  102 |   LCD_drawString(&hspi1,25,200,word,11,HX8357_BLACK,4);
      |                                ^~~~
      |                                |
      |                                char *
In file included from ../Core/Src/main.c:21:
../Core/Inc/lcd.h:131:82: note: expected 'unsigned char *' but argument is of type 'char *'
  131 | void LCD_drawString(SPI_HandleTypeDef* spi, int16_t x, int16_t y, unsigned char* c, uint32_t length, uint16_t color, uint32_t size);
      |                                                                   ~~~~~~~~~~~~~~~^
../Core/Src/main.c:104:3: warning: implicit declaration of function 'LCD_invertDisplay'; did you mean 'invertDisplay'? [-Wimplicit-function-declaration]
  104 |   LCD_invertDisplay(&hspi1,1);
      |   ^~~~~~~~~~~~~~~~~
      |   invertDisplay
../Core/Src/main.c:105:32: warning: pointer targets in passing argument 4 of 'LCD_drawString' differ in signedness [-Wpointer-sign]
  105 |   LCD_drawString(&hspi1,25,100,word,11,HX8357_BLACK,2);
      |                                ^~~~
      |                                |
      |                                char *
In file included from ../Core/Src/main.c:21:
../Core/Inc/lcd.h:131:82: note: expected 'unsigned char *' but argument is of type 'char *'
  131 | void LCD_drawString(SPI_HandleTypeDef* spi, int16_t x, int16_t y, unsigned char* c, uint32_t length, uint16_t color, uint32_t size);
      |                                                                   ~~~~~~~~~~~~~~~^
../Core/Src/main.c:106:32: warning: pointer targets in passing argument 4 of 'LCD_drawString' differ in signedness [-Wpointer-sign]
  106 |   LCD_drawString(&hspi1,25,200,word,11,HX8357_BLACK,4);
      |                                ^~~~
      |                                |
      |                                char *
In file included from ../Core/Src/main.c:21:
../Core/Inc/lcd.h:131:82: note: expected 'unsigned char *' but argument is of type 'char *'
  131 | void LCD_drawString(SPI_HandleTypeDef* spi, int16_t x, int16_t y, unsigned char* c, uint32_t length, uint16_t color, uint32_t size);
      |                                                                   ~~~~~~~~~~~~~~~^
arm-none-eabi-gcc -o "lcd.elf" @"objects.list"   -mcpu=cortex-m4 -T"C:\Users\ndib8\Desktop\TADAMHESPEV\TADAMHESPEV\373_Proj\TADAMHESPEV_lcd\lcd\STM32L4R5ZITXP_FLASH.ld" --specs=nosys.specs -Wl,-Map="lcd.map" -Wl,--gc-sections -static --specs=nano.specs -mfpu=fpv4-sp-d16 -mfloat-abi=hard -mthumb -Wl,--start-group -lc -lm -Wl,--end-group
C:/ST/STM32CubeIDE_1.13.1/STM32CubeIDE/plugins/com.st.stm32cube.ide.mcu.externaltools.gnu-tools-for-stm32.11.3.rel1.win32_1.1.0.202305231506/tools/bin/../lib/gcc/arm-none-eabi/11.3.1/../../../../arm-none-eabi/bin/ld.exe: ./Core/Src/main.o: in function `main':
C:/Users/ndib8/Desktop/TADAMHESPEV/TADAMHESPEV/373_Proj/TADAMHESPEV_lcd/lcd/Debug/../Core/Src/main.c:104: undefined reference to `LCD_invertDisplay'
collect2.exe: error: ld returned 1 exit status
make: *** [makefile:64: lcd.elf] Error 1
"make -j12 all" terminated with exit code 2. Build might be incomplete.
12:48:58 **** Incremental Build of configuration Debug for project lcd ****
make -j12 all 
arm-none-eabi-gcc "../Core/Src/main.c" -mcpu=cortex-m4 -std=gnu11 -g3 -DDEBUG -DUSE_HAL_DRIVER -DSTM32L4R5xx -c -I../Core/Inc -I../Drivers/STM32L4xx_HAL_Driver/Inc -I../Drivers/STM32L4xx_HAL_Driver/Inc/Legacy -I../Drivers/CMSIS/Device/ST/STM32L4xx/Include -I../Drivers/CMSIS/Include -O0 -ffunction-sections -fdata-sections -Wall -fstack-usage -fcyclomatic-complexity -MMD -MP -MF"Core/Src/main.d" -MT"Core/Src/main.o" --specs=nano.specs -mfpu=fpv4-sp-d16 -mfloat-abi=hard -mthumb -o "Core/Src/main.o"
../Core/Src/main.c: In function 'main':
../Core/Src/main.c:101:32: warning: pointer targets in passing argument 4 of 'LCD_drawString' differ in signedness [-Wpointer-sign]
  101 |   LCD_drawString(&hspi1,25,100,word,11,HX8357_BLACK,2);
      |                                ^~~~
      |                                |
      |                                char *
In file included from ../Core/Src/main.c:21:
../Core/Inc/lcd.h:131:82: note: expected 'unsigned char *' but argument is of type 'char *'
  131 | void LCD_drawString(SPI_HandleTypeDef* spi, int16_t x, int16_t y, unsigned char* c, uint32_t length, uint16_t color, uint32_t size);
      |                                                                   ~~~~~~~~~~~~~~~^
../Core/Src/main.c:102:32: warning: pointer targets in passing argument 4 of 'LCD_drawString' differ in signedness [-Wpointer-sign]
  102 |   LCD_drawString(&hspi1,25,200,word,11,HX8357_BLACK,4);
      |                                ^~~~
      |                                |
      |                                char *
In file included from ../Core/Src/main.c:21:
../Core/Inc/lcd.h:131:82: note: expected 'unsigned char *' but argument is of type 'char *'
  131 | void LCD_drawString(SPI_HandleTypeDef* spi, int16_t x, int16_t y, unsigned char* c, uint32_t length, uint16_t color, uint32_t size);
      |                                                                   ~~~~~~~~~~~~~~~^
../Core/Src/main.c:105:32: warning: pointer targets in passing argument 4 of 'LCD_drawString' differ in signedness [-Wpointer-sign]
  105 |   LCD_drawString(&hspi1,25,100,word,11,HX8357_BLACK,2);
      |                                ^~~~
      |                                |
      |                                char *
In file included from ../Core/Src/main.c:21:
../Core/Inc/lcd.h:131:82: note: expected 'unsigned char *' but argument is of type 'char *'
  131 | void LCD_drawString(SPI_HandleTypeDef* spi, int16_t x, int16_t y, unsigned char* c, uint32_t length, uint16_t color, uint32_t size);
      |                                                                   ~~~~~~~~~~~~~~~^
../Core/Src/main.c:106:32: warning: pointer targets in passing argument 4 of 'LCD_drawString' differ in signedness [-Wpointer-sign]
  106 |   LCD_drawString(&hspi1,25,200,word,11,HX8357_BLACK,4);
      |                                ^~~~
      |                                |
      |                                char *
In file included from ../Core/Src/main.c:21:
../Core/Inc/lcd.h:131:82: note: expected 'unsigned char *' but argument is of type 'char *'
  131 | void LCD_drawString(SPI_HandleTypeDef* spi, int16_t x, int16_t y, unsigned char* c, uint32_t length, uint16_t color, uint32_t size);
      |                                                                   ~~~~~~~~~~~~~~~^
arm-none-eabi-gcc -o "lcd.elf" @"objects.list"   -mcpu=cortex-m4 -T"C:\Users\ndib8\Desktop\TADAMHESPEV\TADAMHESPEV\373_Proj\TADAMHESPEV_lcd\lcd\STM32L4R5ZITXP_FLASH.ld" --specs=nosys.specs -Wl,-Map="lcd.map" -Wl,--gc-sections -static --specs=nano.specs -mfpu=fpv4-sp-d16 -mfloat-abi=hard -mthumb -Wl,--start-group -lc -lm -Wl,--end-group
Finished building target: lcd.elf
 
arm-none-eabi-size   lcd.elf 
arm-none-eabi-objdump -h -S  lcd.elf  > "lcd.list"
   text	   data	    bss	    dec	    hex	filename
  14116	    124	   1668	  15908	   3e24	lcd.elf
Finished building: default.size.stdout
 
Finished building: lcd.list
 
12:49:04 **** Incremental Build of configuration Debug for project lcd ****
make -j12 all 
arm-none-eabi-size   lcd.elf 
   text	   data	    bss	    dec	    hex	filename
  14116	    124	   1668	  15908	   3e24	lcd.elf
Finished building: default.size.stdout
 
12:58:38 **** Incremental Build of configuration Debug for project lcd ****
make -j12 all 
arm-none-eabi-gcc "../Core/Src/main.c" -mcpu=cortex-m4 -std=gnu11 -g3 -DDEBUG -DUSE_HAL_DRIVER -DSTM32L4R5xx -c -I../Core/Inc -I../Drivers/STM32L4xx_HAL_Driver/Inc -I../Drivers/STM32L4xx_HAL_Driver/Inc/Legacy -I../Drivers/CMSIS/Device/ST/STM32L4xx/Include -I../Drivers/CMSIS/Include -O0 -ffunction-sections -fdata-sections -Wall -fstack-usage -fcyclomatic-complexity -MMD -MP -MF"Core/Src/main.d" -MT"Core/Src/main.o" --specs=nano.specs -mfpu=fpv4-sp-d16 -mfloat-abi=hard -mthumb -o "Core/Src/main.o"
../Core/Src/main.c: In function 'main':
../Core/Src/main.c:96:32: warning: pointer targets in passing argument 4 of 'LCD_drawString' differ in signedness [-Wpointer-sign]
   96 |   LCD_drawString(&hspi1,25,100,word,11,HX8357_BLACK,2);
      |                                ^~~~
      |                                |
      |                                char *
In file included from ../Core/Src/main.c:21:
../Core/Inc/lcd.h:131:82: note: expected 'unsigned char *' but argument is of type 'char *'
  131 | void LCD_drawString(SPI_HandleTypeDef* spi, int16_t x, int16_t y, unsigned char* c, uint32_t length, uint16_t color, uint32_t size);
      |                                                                   ~~~~~~~~~~~~~~~^
../Core/Src/main.c:97:32: warning: pointer targets in passing argument 4 of 'LCD_drawString' differ in signedness [-Wpointer-sign]
   97 |   LCD_drawString(&hspi1,25,200,word,11,HX8357_BLACK,4);
      |                                ^~~~
      |                                |
      |                                char *
In file included from ../Core/Src/main.c:21:
../Core/Inc/lcd.h:131:82: note: expected 'unsigned char *' but argument is of type 'char *'
  131 | void LCD_drawString(SPI_HandleTypeDef* spi, int16_t x, int16_t y, unsigned char* c, uint32_t length, uint16_t color, uint32_t size);
      |                                                                   ~~~~~~~~~~~~~~~^
arm-none-eabi-gcc -o "lcd.elf" @"objects.list"   -mcpu=cortex-m4 -T"C:\Users\ndib8\Desktop\TADAMHESPEV\TADAMHESPEV\373_Proj\TADAMHESPEV_lcd\lcd\STM32L4R5ZITXP_FLASH.ld" --specs=nosys.specs -Wl,-Map="lcd.map" -Wl,--gc-sections -static --specs=nano.specs -mfpu=fpv4-sp-d16 -mfloat-abi=hard -mthumb -Wl,--start-group -lc -lm -Wl,--end-group
Finished building target: lcd.elf
 
arm-none-eabi-size   lcd.elf 
arm-none-eabi-objdump -h -S  lcd.elf  > "lcd.list"
   text	   data	    bss	    dec	    hex	filename
  14440	    124	   1668	  16232	   3f68	lcd.elf
Finished building: default.size.stdout
 
Finished building: lcd.list
 
13:00:37 **** Incremental Build of configuration Debug for project lcd ****
make -j12 all 
arm-none-eabi-gcc "../Core/Src/main.c" -mcpu=cortex-m4 -std=gnu11 -g3 -DDEBUG -DUSE_HAL_DRIVER -DSTM32L4R5xx -c -I../Core/Inc -I../Drivers/STM32L4xx_HAL_Driver/Inc -I../Drivers/STM32L4xx_HAL_Driver/Inc/Legacy -I../Drivers/CMSIS/Device/ST/STM32L4xx/Include -I../Drivers/CMSIS/Include -O0 -ffunction-sections -fdata-sections -Wall -fstack-usage -fcyclomatic-complexity -MMD -MP -MF"Core/Src/main.d" -MT"Core/Src/main.o" --specs=nano.specs -mfpu=fpv4-sp-d16 -mfloat-abi=hard -mthumb -o "Core/Src/main.o"
../Core/Src/main.c: In function 'main':
../Core/Src/main.c:101:32: warning: pointer targets in passing argument 4 of 'LCD_drawString' differ in signedness [-Wpointer-sign]
  101 |   LCD_drawString(&hspi1,25,100,word,11,HX8357_BLACK,2);
      |                                ^~~~
      |                                |
      |                                char *
In file included from ../Core/Src/main.c:21:
../Core/Inc/lcd.h:131:82: note: expected 'unsigned char *' but argument is of type 'char *'
  131 | void LCD_drawString(SPI_HandleTypeDef* spi, int16_t x, int16_t y, unsigned char* c, uint32_t length, uint16_t color, uint32_t size);
      |                                                                   ~~~~~~~~~~~~~~~^
../Core/Src/main.c:102:32: warning: pointer targets in passing argument 4 of 'LCD_drawString' differ in signedness [-Wpointer-sign]
  102 |   LCD_drawString(&hspi1,25,200,word,11,HX8357_BLACK,4);
      |                                ^~~~
      |                                |
      |                                char *
In file included from ../Core/Src/main.c:21:
../Core/Inc/lcd.h:131:82: note: expected 'unsigned char *' but argument is of type 'char *'
  131 | void LCD_drawString(SPI_HandleTypeDef* spi, int16_t x, int16_t y, unsigned char* c, uint32_t length, uint16_t color, uint32_t size);
      |                                                                   ~~~~~~~~~~~~~~~^
../Core/Src/main.c:105:32: warning: pointer targets in passing argument 4 of 'LCD_drawString' differ in signedness [-Wpointer-sign]
  105 |   LCD_drawString(&hspi1,25,100,word,11,HX8357_BLACK,2);
      |                                ^~~~
      |                                |
      |                                char *
In file included from ../Core/Src/main.c:21:
../Core/Inc/lcd.h:131:82: note: expected 'unsigned char *' but argument is of type 'char *'
  131 | void LCD_drawString(SPI_HandleTypeDef* spi, int16_t x, int16_t y, unsigned char* c, uint32_t length, uint16_t color, uint32_t size);
      |                                                                   ~~~~~~~~~~~~~~~^
../Core/Src/main.c:106:32: warning: pointer targets in passing argument 4 of 'LCD_drawString' differ in signedness [-Wpointer-sign]
  106 |   LCD_drawString(&hspi1,25,200,word,11,HX8357_BLACK,4);
      |                                ^~~~
      |                                |
      |                                char *
In file included from ../Core/Src/main.c:21:
../Core/Inc/lcd.h:131:82: note: expected 'unsigned char *' but argument is of type 'char *'
  131 | void LCD_drawString(SPI_HandleTypeDef* spi, int16_t x, int16_t y, unsigned char* c, uint32_t length, uint16_t color, uint32_t size);
      |                                                                   ~~~~~~~~~~~~~~~^
arm-none-eabi-gcc -o "lcd.elf" @"objects.list"   -mcpu=cortex-m4 -T"C:\Users\ndib8\Desktop\TADAMHESPEV\TADAMHESPEV\373_Proj\TADAMHESPEV_lcd\lcd\STM32L4R5ZITXP_FLASH.ld" --specs=nosys.specs -Wl,-Map="lcd.map" -Wl,--gc-sections -static --specs=nano.specs -mfpu=fpv4-sp-d16 -mfloat-abi=hard -mthumb -Wl,--start-group -lc -lm -Wl,--end-group
Finished building target: lcd.elf
 
arm-none-eabi-size   lcd.elf 
arm-none-eabi-objdump -h -S  lcd.elf  > "lcd.list"
   text	   data	    bss	    dec	    hex	filename
  14580	    124	   1668	  16372	   3ff4	lcd.elf
Finished building: default.size.stdout
 
Finished building: lcd.list
 
13:04:03 **** Incremental Build of configuration Debug for project lcd ****
make -j12 all 
arm-none-eabi-gcc "../Core/Src/main.c" -mcpu=cortex-m4 -std=gnu11 -g3 -DDEBUG -DUSE_HAL_DRIVER -DSTM32L4R5xx -c -I../Core/Inc -I../Drivers/STM32L4xx_HAL_Driver/Inc -I../Drivers/STM32L4xx_HAL_Driver/Inc/Legacy -I../Drivers/CMSIS/Device/ST/STM32L4xx/Include -I../Drivers/CMSIS/Include -O0 -ffunction-sections -fdata-sections -Wall -fstack-usage -fcyclomatic-complexity -MMD -MP -MF"Core/Src/main.d" -MT"Core/Src/main.o" --specs=nano.specs -mfpu=fpv4-sp-d16 -mfloat-abi=hard -mthumb -o "Core/Src/main.o"
../Core/Src/main.c: In function 'main':
../Core/Src/main.c:96:32: warning: pointer targets in passing argument 4 of 'LCD_drawString' differ in signedness [-Wpointer-sign]
   96 |   LCD_drawString(&hspi1,25,100,word,11,HX8357_BLACK,4);
      |                                ^~~~
      |                                |
      |                                char *
In file included from ../Core/Src/main.c:21:
../Core/Inc/lcd.h:131:82: note: expected 'unsigned char *' but argument is of type 'char *'
  131 | void LCD_drawString(SPI_HandleTypeDef* spi, int16_t x, int16_t y, unsigned char* c, uint32_t length, uint16_t color, uint32_t size);
      |                                                                   ~~~~~~~~~~~~~~~^
../Core/Src/main.c:97:36: warning: pointer targets in passing argument 4 of 'LCD_drawStringNoBG' differ in signedness [-Wpointer-sign]
   97 |   LCD_drawStringNoBG(&hspi1,25,200,word,11,HX8357_BLACK,4);
      |                                    ^~~~
      |                                    |
      |                                    char *
In file included from ../Core/Src/main.c:21:
../Core/Inc/lcd.h:135:86: note: expected 'unsigned char *' but argument is of type 'char *'
  135 | void LCD_drawStringNoBG(SPI_HandleTypeDef* spi, int16_t x, int16_t y, unsigned char* c, uint32_t length, uint16_t color, uint32_t size);
      |                                                                       ~~~~~~~~~~~~~~~^
arm-none-eabi-gcc -o "lcd.elf" @"objects.list"   -mcpu=cortex-m4 -T"C:\Users\ndib8\Desktop\TADAMHESPEV\TADAMHESPEV\373_Proj\TADAMHESPEV_lcd\lcd\STM32L4R5ZITXP_FLASH.ld" --specs=nosys.specs -Wl,-Map="lcd.map" -Wl,--gc-sections -static --specs=nano.specs -mfpu=fpv4-sp-d16 -mfloat-abi=hard -mthumb -Wl,--start-group -lc -lm -Wl,--end-group
Finished building target: lcd.elf
 
arm-none-eabi-size   lcd.elf 
arm-none-eabi-objdump -h -S  lcd.elf  > "lcd.list"
   text	   data	    bss	    dec	    hex	filename
  14332	    124	   1668	  16124	   3efc	lcd.elf
Finished building: default.size.stdout
 
Finished building: lcd.list
 
