13:59:34 **** Incremental Build of configuration Debug for project lcd ****
make -j12 all 
arm-none-eabi-gcc "../Core/Src/main.c" -mcpu=cortex-m4 -std=gnu11 -g3 -DDEBUG -DUSE_HAL_DRIVER -DSTM32L4R5xx -c -I../Core/Inc -I../Drivers/STM32L4xx_HAL_Driver/Inc -I../Drivers/STM32L4xx_HAL_Driver/Inc/Legacy -I../Drivers/CMSIS/Device/ST/STM32L4xx/Include -I../Drivers/CMSIS/Include -O0 -ffunction-sections -fdata-sections -Wall -fstack-usage -fcyclomatic-complexity -MMD -MP -MF"Core/Src/main.d" -MT"Core/Src/main.o" --specs=nano.specs -mfpu=fpv4-sp-d16 -mfloat-abi=hard -mthumb -o "Core/Src/main.o"
../Core/Src/main.c: In function 'main':
../Core/Src/main.c:111:38: warning: pointer targets in passing argument 4 of 'LCD_drawString' differ in signedness [-Wpointer-sign]
  111 |   LCD_drawString(&hspi1,20,30 + 80*0,name,18,HX8357_BLACK,3);
      |                                      ^~~~
      |                                      |
      |                                      char *
In file included from ../Core/Src/main.c:24:
../Core/Inc/lcd.h:131:82: note: expected 'unsigned char *' but argument is of type 'char *'
  131 | void LCD_drawString(SPI_HandleTypeDef* spi, int16_t x, int16_t y, unsigned char* c, uint32_t length, uint16_t color, uint32_t size);
      |                                                                   ~~~~~~~~~~~~~~~^
../Core/Src/main.c:112:37: warning: pointer targets in passing argument 4 of 'LCD_drawString' differ in signedness [-Wpointer-sign]
  112 |   LCD_drawString(&hspi1,5,30 + 80*1,speed,6,HX8357_BLACK,3);
      |                                     ^~~~~
      |                                     |
      |                                     char *
In file included from ../Core/Src/main.c:24:
../Core/Inc/lcd.h:131:82: note: expected 'unsigned char *' but argument is of type 'char *'
  131 | void LCD_drawString(SPI_HandleTypeDef* spi, int16_t x, int16_t y, unsigned char* c, uint32_t length, uint16_t color, uint32_t size);
      |                                                                   ~~~~~~~~~~~~~~~^
../Core/Src/main.c:113:37: warning: pointer targets in passing argument 4 of 'LCD_drawString' differ in signedness [-Wpointer-sign]
  113 |   LCD_drawString(&hspi1,5,30 + 80*2,temp,5,HX8357_BLACK,3);
      |                                     ^~~~
      |                                     |
      |                                     char *
In file included from ../Core/Src/main.c:24:
../Core/Inc/lcd.h:131:82: note: expected 'unsigned char *' but argument is of type 'char *'
  131 | void LCD_drawString(SPI_HandleTypeDef* spi, int16_t x, int16_t y, unsigned char* c, uint32_t length, uint16_t color, uint32_t size);
      |                                                                   ~~~~~~~~~~~~~~~^
../Core/Src/main.c:114:37: warning: pointer targets in passing argument 4 of 'LCD_drawString' differ in signedness [-Wpointer-sign]
  114 |   LCD_drawString(&hspi1,5,30 + 80*3,power,6,HX8357_BLACK,3);
      |                                     ^~~~~
      |                                     |
      |                                     char *
In file included from ../Core/Src/main.c:24:
../Core/Inc/lcd.h:131:82: note: expected 'unsigned char *' but argument is of type 'char *'
  131 | void LCD_drawString(SPI_HandleTypeDef* spi, int16_t x, int16_t y, unsigned char* c, uint32_t length, uint16_t color, uint32_t size);
      |                                                                   ~~~~~~~~~~~~~~~^
../Core/Src/main.c:116:39: warning: pointer targets in passing argument 4 of 'LCD_drawString' differ in signedness [-Wpointer-sign]
  116 |   LCD_drawString(&hspi1,280,30 + 80*1,mph,3,HX8357_BLACK,3);
      |                                       ^~~
      |                                       |
      |                                       char *
In file included from ../Core/Src/main.c:24:
../Core/Inc/lcd.h:131:82: note: expected 'unsigned char *' but argument is of type 'char *'
  131 | void LCD_drawString(SPI_HandleTypeDef* spi, int16_t x, int16_t y, unsigned char* c, uint32_t length, uint16_t color, uint32_t size);
      |                                                                   ~~~~~~~~~~~~~~~^
../Core/Src/main.c:117:39: warning: pointer targets in passing argument 4 of 'LCD_drawString' differ in signedness [-Wpointer-sign]
  117 |   LCD_drawString(&hspi1,306,30 + 80*2,deg,1,HX8357_BLACK,3);
      |                                       ^~~
      |                                       |
      |                                       char *
In file included from ../Core/Src/main.c:24:
../Core/Inc/lcd.h:131:82: note: expected 'unsigned char *' but argument is of type 'char *'
  131 | void LCD_drawString(SPI_HandleTypeDef* spi, int16_t x, int16_t y, unsigned char* c, uint32_t length, uint16_t color, uint32_t size);
      |                                                                   ~~~~~~~~~~~~~~~^
../Core/Src/main.c:118:39: warning: pointer targets in passing argument 4 of 'LCD_drawString' differ in signedness [-Wpointer-sign]
  118 |   LCD_drawString(&hspi1,306,30 + 80*3,watt,1,HX8357_BLACK,3);
      |                                       ^~~~
      |                                       |
      |                                       char *
In file included from ../Core/Src/main.c:24:
../Core/Inc/lcd.h:131:82: note: expected 'unsigned char *' but argument is of type 'char *'
  131 | void LCD_drawString(SPI_HandleTypeDef* spi, int16_t x, int16_t y, unsigned char* c, uint32_t length, uint16_t color, uint32_t size);
      |                                                                   ~~~~~~~~~~~~~~~^
../Core/Src/main.c:125:32: warning: pointer targets in passing argument 4 of 'LCD_drawString' differ in signedness [-Wpointer-sign]
  125 |   LCD_drawString(&hspi1,370,50,lev,3,HX8357_BLACK,4);
      |                                ^~~
      |                                |
      |                                char *
In file included from ../Core/Src/main.c:24:
../Core/Inc/lcd.h:131:82: note: expected 'unsigned char *' but argument is of type 'char *'
  131 | void LCD_drawString(SPI_HandleTypeDef* spi, int16_t x, int16_t y, unsigned char* c, uint32_t length, uint16_t color, uint32_t size);
      |                                                                   ~~~~~~~~~~~~~~~^
../Core/Src/main.c:126:32: warning: pointer targets in passing argument 4 of 'LCD_drawString' differ in signedness [-Wpointer-sign]
  126 |   LCD_drawString(&hspi1,442,50,"%",1,HX8357_BLACK,4);
      |                                ^~~
      |                                |
      |                                char *
In file included from ../Core/Src/main.c:24:
../Core/Inc/lcd.h:131:82: note: expected 'unsigned char *' but argument is of type 'char *'
  131 | void LCD_drawString(SPI_HandleTypeDef* spi, int16_t x, int16_t y, unsigned char* c, uint32_t length, uint16_t color, uint32_t size);
      |                                                                   ~~~~~~~~~~~~~~~^
../Core/Src/main.c:136:55: warning: pointer targets in passing argument 4 of 'LCD_drawString' differ in signedness [-Wpointer-sign]
  136 |                   LCD_drawString(&hspi1,146,30 + 80*1,"4",4,HX8357_BLACK,4);
      |                                                       ^~~
      |                                                       |
      |                                                       char *
In file included from ../Core/Src/main.c:24:
../Core/Inc/lcd.h:131:82: note: expected 'unsigned char *' but argument is of type 'char *'
  131 | void LCD_drawString(SPI_HandleTypeDef* spi, int16_t x, int16_t y, unsigned char* c, uint32_t length, uint16_t color, uint32_t size);
      |                                                                   ~~~~~~~~~~~~~~~^
../Core/Src/main.c:137:55: warning: pointer targets in passing argument 4 of 'LCD_drawString' differ in signedness [-Wpointer-sign]
  137 |                   LCD_drawString(&hspi1,146,30 + 80*2,"6",4,HX8357_BLACK,4);
      |                                                       ^~~
      |                                                       |
      |                                                       char *
In file included from ../Core/Src/main.c:24:
../Core/Inc/lcd.h:131:82: note: expected 'unsigned char *' but argument is of type 'char *'
  131 | void LCD_drawString(SPI_HandleTypeDef* spi, int16_t x, int16_t y, unsigned char* c, uint32_t length, uint16_t color, uint32_t size);
      |                                                                   ~~~~~~~~~~~~~~~^
../Core/Src/main.c:138:55: warning: pointer targets in passing argument 4 of 'LCD_drawString' differ in signedness [-Wpointer-sign]
  138 |                   LCD_drawString(&hspi1,146,30 + 80*3,"8",4,HX8357_BLACK,4);
      |                                                       ^~~
      |                                                       |
      |                                                       char *
In file included from ../Core/Src/main.c:24:
../Core/Inc/lcd.h:131:82: note: expected 'unsigned char *' but argument is of type 'char *'
  131 | void LCD_drawString(SPI_HandleTypeDef* spi, int16_t x, int16_t y, unsigned char* c, uint32_t length, uint16_t color, uint32_t size);
      |                                                                   ~~~~~~~~~~~~~~~^
arm-none-eabi-gcc -o "lcd.elf" @"objects.list"   -mcpu=cortex-m4 -T"C:\Users\ndib8\Desktop\TADAMHESPEV\TADAMHESPEV\373_Proj\TADAMHESPEV_lcd\lcd\STM32L4R5ZITXP_FLASH.ld" --specs=nosys.specs -Wl,-Map="lcd.map" -Wl,--gc-sections -static --specs=nano.specs -mfpu=fpv4-sp-d16 -mfloat-abi=hard -mthumb -Wl,--start-group -lc -lm -Wl,--end-group
Finished building target: lcd.elf
 
arm-none-eabi-size   lcd.elf 
arm-none-eabi-objdump -h -S  lcd.elf  > "lcd.list"
   text	   data	    bss	    dec	    hex	filename
  22900	    124	   1780	  24804	   60e4	lcd.elf
Finished building: default.size.stdout
 
Finished building: lcd.list
 

13:59:36 Build Finished. 0 errors, 12 warnings. (took 1s.891ms)

