13:04:03 **** Incremental Build of configuration Debug for project lcd ****
make -j12 all 
arm-none-eabi-gcc "../Core/Src/main.c" -mcpu=cortex-m4 -std=gnu11 -g3 -DDEBUG -DUSE_HAL_DRIVER -DSTM32L4R5xx -c -I../Core/Inc -I../Drivers/STM32L4xx_HAL_Driver/Inc -I../Drivers/STM32L4xx_HAL_Driver/Inc/Legacy -I../Drivers/CMSIS/Device/ST/STM32L4xx/Include -I../Drivers/CMSIS/Include -O0 -ffunction-sections -fdata-sections -Wall -fstack-usage -fcyclomatic-complexity -MMD -MP -MF"Core/Src/main.d" -MT"Core/Src/main.o" --specs=nano.specs -mfpu=fpv4-sp-d16 -mfloat-abi=hard -mthumb -o "Core/Src/main.o"
../Core/Src/main.c: In function 'main':
../Core/Src/main.c:96:32: warning: pointer targets in passing argument 4 of 'LCD_drawString' differ in signedness [-Wpointer-sign]
   96 |   LCD_drawString(&hspi1,25,100,word,11,HX8357_BLACK,4);
      |                                ^~~~
      |                                |
      |                                char *
In file included from ../Core/Src/main.c:21:
../Core/Inc/lcd.h:131:82: note: expected 'unsigned char *' but argument is of type 'char *'
  131 | void LCD_drawString(SPI_HandleTypeDef* spi, int16_t x, int16_t y, unsigned char* c, uint32_t length, uint16_t color, uint32_t size);
      |                                                                   ~~~~~~~~~~~~~~~^
../Core/Src/main.c:97:36: warning: pointer targets in passing argument 4 of 'LCD_drawStringNoBG' differ in signedness [-Wpointer-sign]
   97 |   LCD_drawStringNoBG(&hspi1,25,200,word,11,HX8357_BLACK,4);
      |                                    ^~~~
      |                                    |
      |                                    char *
In file included from ../Core/Src/main.c:21:
../Core/Inc/lcd.h:135:86: note: expected 'unsigned char *' but argument is of type 'char *'
  135 | void LCD_drawStringNoBG(SPI_HandleTypeDef* spi, int16_t x, int16_t y, unsigned char* c, uint32_t length, uint16_t color, uint32_t size);
      |                                                                       ~~~~~~~~~~~~~~~^
arm-none-eabi-gcc -o "lcd.elf" @"objects.list"   -mcpu=cortex-m4 -T"C:\Users\ndib8\Desktop\TADAMHESPEV\TADAMHESPEV\373_Proj\TADAMHESPEV_lcd\lcd\STM32L4R5ZITXP_FLASH.ld" --specs=nosys.specs -Wl,-Map="lcd.map" -Wl,--gc-sections -static --specs=nano.specs -mfpu=fpv4-sp-d16 -mfloat-abi=hard -mthumb -Wl,--start-group -lc -lm -Wl,--end-group
Finished building target: lcd.elf
 
arm-none-eabi-size   lcd.elf 
arm-none-eabi-objdump -h -S  lcd.elf  > "lcd.list"
   text	   data	    bss	    dec	    hex	filename
  14332	    124	   1668	  16124	   3efc	lcd.elf
Finished building: default.size.stdout
 
Finished building: lcd.list
 

13:04:05 Build Finished. 0 errors, 2 warnings. (took 1s.645ms)

