15:26:47 **** Incremental Build of configuration Debug for project lcd_smol ****
make -j12 all 
arm-none-eabi-gcc "../Core/Src/main.c" -mcpu=cortex-m4 -std=gnu11 -g3 -DDEBUG -DUSE_HAL_DRIVER -DSTM32L432xx -c -I../Core/Inc -I../Drivers/STM32L4xx_HAL_Driver/Inc -I../Drivers/STM32L4xx_HAL_Driver/Inc/Legacy -I../Drivers/CMSIS/Device/ST/STM32L4xx/Include -I../Drivers/CMSIS/Include -O0 -ffunction-sections -fdata-sections -Wall -fstack-usage -fcyclomatic-complexity -MMD -MP -MF"Core/Src/main.d" -MT"Core/Src/main.o" --specs=nano.specs -mfpu=fpv4-sp-d16 -mfloat-abi=hard -mthumb -o "Core/Src/main.o"
../Core/Src/main.c: In function 'HAL_UART_RxCpltCallback':
../Core/Src/main.c:430:23: warning: initialization of 'float *' from incompatible pointer type 'uint8_t *' {aka 'unsigned char *'} [-Wincompatible-pointer-types]
  430 |         float* fbuf = buf;
      |                       ^~~
arm-none-eabi-gcc -o "lcd_smol.elf" @"objects.list"   -mcpu=cortex-m4 -T"C:\Users\ndib8\Desktop\TADAMHESPEV\TADAMHESPEV\373_Proj\TADAMHESPEV_lcd\lcd_smol\STM32L432KCUX_FLASH.ld" --specs=nosys.specs -Wl,-Map="lcd_smol.map" -Wl,--gc-sections -static --specs=nano.specs -mfpu=fpv4-sp-d16 -mfloat-abi=hard -mthumb -u _printf_float -Wl,--start-group -lc -lm -Wl,--end-group
Finished building target: lcd_smol.elf
 
arm-none-eabi-size   lcd_smol.elf 
arm-none-eabi-objdump -h -S  lcd_smol.elf  > "lcd_smol.list"
   text	   data	    bss	    dec	    hex	filename
  41944	    584	   2480	  45008	   afd0	lcd_smol.elf
Finished building: default.size.stdout
 
Finished building: lcd_smol.list
 

15:26:50 Build Finished. 0 errors, 1 warnings. (took 2s.506ms)

