12:05:32 **** Incremental Build of configuration Debug for project temp_sensor ****
make -j12 all 
arm-none-eabi-gcc "../Core/Src/main.c" -mcpu=cortex-m4 -std=gnu11 -g3 -DDEBUG -DUSE_HAL_DRIVER -DSTM32L4R5xx -c -I../Core/Inc -I../Drivers/STM32L4xx_HAL_Driver/Inc -I../Drivers/STM32L4xx_HAL_Driver/Inc/Legacy -I../Drivers/CMSIS/Device/ST/STM32L4xx/Include -I../Drivers/CMSIS/Include -O0 -ffunction-sections -fdata-sections -Wall -fstack-usage -fcyclomatic-complexity -MMD -MP -MF"Core/Src/main.d" -MT"Core/Src/main.o" --specs=nano.specs -mfpu=fpv4-sp-d16 -mfloat-abi=hard -mthumb -o "Core/Src/main.o"
arm-none-eabi-gcc "../Core/Src/stm32l4xx_it.c" -mcpu=cortex-m4 -std=gnu11 -g3 -DDEBUG -DUSE_HAL_DRIVER -DSTM32L4R5xx -c -I../Core/Inc -I../Drivers/STM32L4xx_HAL_Driver/Inc -I../Drivers/STM32L4xx_HAL_Driver/Inc/Legacy -I../Drivers/CMSIS/Device/ST/STM32L4xx/Include -I../Drivers/CMSIS/Include -O0 -ffunction-sections -fdata-sections -Wall -fstack-usage -fcyclomatic-complexity -MMD -MP -MF"Core/Src/stm32l4xx_it.d" -MT"Core/Src/stm32l4xx_it.o" --specs=nano.specs -mfpu=fpv4-sp-d16 -mfloat-abi=hard -mthumb -o "Core/Src/stm32l4xx_it.o"
../Core/Src/stm32l4xx_it.c: In function 'HAL_TIM_PeriodElapsedCallback':
../Core/Src/stm32l4xx_it.c:236:17: warning: implicit declaration of function 'printf' [-Wimplicit-function-declaration]
  236 |                 printf("Average External Temperature: %.2f \n\r", average);
      |                 ^~~~~~
../Core/Src/stm32l4xx_it.c:23:1: note: include '<stdio.h>' or provide a declaration of 'printf'
   22 | #include "stm32l4xx_it.h"
  +++ |+#include <stdio.h>
   23 | /* Private includes ----------------------------------------------------------*/
../Core/Src/stm32l4xx_it.c:236:17: warning: incompatible implicit declaration of built-in function 'printf' [-Wbuiltin-declaration-mismatch]
  236 |                 printf("Average External Temperature: %.2f \n\r", average);
      |                 ^~~~~~
../Core/Src/stm32l4xx_it.c:236:17: note: include '<stdio.h>' or provide a declaration of 'printf'
../Core/Src/main.c: In function 'read_Temperature':
../Core/Src/main.c:71:33: warning: passing argument 2 of 'HAL_SPI_Receive' from incompatible pointer type [-Wincompatible-pointer-types]
   71 |         HAL_SPI_Receive(&hspi1, spi_buf, 2, 100);
      |                                 ^~~~~~~
      |                                 |
      |                                 uint16_t * {aka short unsigned int *}
In file included from ../Core/Inc/stm32l4xx_hal_conf.h:430,
                 from ../Drivers/STM32L4xx_HAL_Driver/Inc/stm32l4xx_hal.h:29,
                 from ../Core/Inc/main.h:30,
                 from ../Core/Src/main.c:20:
../Drivers/STM32L4xx_HAL_Driver/Inc/stm32l4xx_hal_spi.h:793:69: note: expected 'uint8_t *' {aka 'unsigned char *'} but argument is of type 'uint16_t *' {aka 'short unsigned int *'}
  793 | HAL_StatusTypeDef HAL_SPI_Receive(SPI_HandleTypeDef *hspi, uint8_t *pData, uint16_t Size, uint32_t Timeout);
      |                                                            ~~~~~~~~~^~~~~
arm-none-eabi-gcc -o "temp_sensor.elf" @"objects.list"   -mcpu=cortex-m4 -T"C:\Users\ndib8\Desktop\TADAMHESPEV\TADAMHESPEV\373_Proj\TADAMHESPEV_lcd\Project Temp\Project Temp\temp_sensor\STM32L4R5ZITXP_FLASH.ld" --specs=nosys.specs -Wl,-Map="temp_sensor.map" -Wl,--gc-sections -static --specs=nano.specs -mfpu=fpv4-sp-d16 -mfloat-abi=hard -mthumb -u _printf_float -Wl,--start-group -lc -lm -Wl,--end-group
Finished building target: temp_sensor.elf
 
arm-none-eabi-size   temp_sensor.elf 
arm-none-eabi-objdump -h -S  temp_sensor.elf  > "temp_sensor.list"
   text	   data	    bss	    dec	    hex	filename
  36308	    476	   2228	  39012	   9864	temp_sensor.elf
Finished building: default.size.stdout
 
Finished building: temp_sensor.list
 

12:05:34 Build Finished. 0 errors, 3 warnings. (took 2s.359ms)

