../Core/Src/lcd_smol.c:25:6:uint16_to_bytes	16	static
../Core/Src/lcd_smol.c:84:6:LCD_reset	8	static
../Core/Src/lcd_smol.c:94:19:LCD_writeCommand	32	static
../Core/Src/lcd_smol.c:104:6:LCD_startWrite	8	static
../Core/Src/lcd_smol.c:109:6:LCD_endWrite	8	static
../Core/Src/lcd_smol.c:114:5:LCD_begin	24	static
../Core/Src/lcd_smol.c:155:5:invertDisplay	24	static
../Core/Src/lcd_smol.c:163:5:LCD_setAddrWindow	32	static
../Core/Src/lcd_smol.c:190:10:LCD_color565	16	static
../Core/Src/lcd_smol.c:194:5:LCD_pushColor	16	static
../Core/Src/lcd_smol.c:203:5:LCD_pushColorCopy	32	static
../Core/Src/lcd_smol.c:221:5:LCD_pushColors	32	static
../Core/Src/lcd_smol.c:238:5:LCD_writePixel	32	static
../Core/Src/lcd_smol.c:246:5:LCD_writePixels	32	static
../Core/Src/lcd_smol.c:255:10:LCD_readPixel	32	static
../Core/Src/lcd_smol.c:544:6:LCD_drawChar	48	static
../Core/Src/lcd_smol.c:574:6:LCD_drawCharOPT	48	static
../Core/Src/lcd_smol.c:608:6:LCD_drawCharNoBG	48	static
../Core/Src/lcd_smol.c:632:6:LCD_drawString	40	static
../Core/Src/lcd_smol.c:637:6:LCD_drawStringOPT	56	static
../Core/Src/lcd_smol.c:642:6:LCD_drawStringNoBG	40	static
../Core/Src/lcd_smol.c:647:6:LCD_drawButton	48	static
../Core/Src/lcd_smol.c:677:6:LCD_drawButtonNoBG	48	static
../Core/Src/lcd_smol.c:701:6:LCD_writeLine	48	static
../Core/Src/lcd_smol.c:741:6:LCD_writeFastVLine	40	static
../Core/Src/lcd_smol.c:745:6:LCD_writeFastHLine	40	static
../Core/Src/lcd_smol.c:749:6:LCD_fillRect	40	static
../Core/Src/lcd_smol.c:755:6:LCD_fillTriangle	80	static
../Core/Src/lcd_smol.c:835:6:LCD_drawBattery	32	static
../Core/Src/lcd_smol.c:865:6:LCD_drawFrame	24	static
../Core/Src/lcd_smol.c:878:6:LCD_fillBattery	48	static
../Core/Src/lcd_smol.c:898:6:LCD_updateVals	32	static
../Core/Src/lcd_smol.c:910:6:LCD_warnings	40	static
../Core/Src/lcd_smol.c:940:6:LCD_updateBattery	40	static
../Core/Src/lcd_smol.c:950:6:LCD_TADAMHASPEV	64	static
