../Core/Inc/TADAMHESPEVDataTemplate.h:19:13:TADBufferToStruct	16	static
../Core/Src/main.c:86:5:main	32	static
../Core/Src/main.c:165:6:SystemClock_Config	96	static
../Core/Src/main.c:226:13:MX_RTC_Init	8	static
../Core/Src/main.c:262:13:MX_SPI1_Init	8	static
../Core/Src/main.c:302:13:MX_SPI3_Init	8	static
../Core/Src/main.c:342:13:MX_USART1_UART_Init	8	static
../Core/Src/main.c:377:13:MX_GPIO_Init	40	static
../Core/Src/main.c:429:6:HAL_UART_RxCpltCallback	24	static
../Core/Src/main.c:456:6:HAL_TIM_PeriodElapsedCallback	16	static
../Core/Src/main.c:472:6:Error_Handler	4	static,ignoring_inline_asm
