14:33:25 **** Incremental Build of configuration Debug for project TADAMHESPEV_integrate ****
make -j12 all 
arm-none-eabi-gcc "../Core/Src/main.c" -mcpu=cortex-m4 -std=gnu11 -g3 -DDEBUG -DUSE_HAL_DRIVER -DSTM32L4R5xx -c -I../Core/Inc -I../Drivers/STM32L4xx_HAL_Driver/Inc -I../Drivers/STM32L4xx_HAL_Driver/Inc/Legacy -I../Drivers/CMSIS/Device/ST/STM32L4xx/Include -I../Drivers/CMSIS/Include -O0 -ffunction-sections -fdata-sections -Wall -fstack-usage -fcyclomatic-complexity -MMD -MP -MF"Core/Src/main.d" -MT"Core/Src/main.o" --specs=nano.specs -mfpu=fpv4-sp-d16 -mfloat-abi=hard -mthumb -o "Core/Src/main.o"
arm-none-eabi-gcc "../Core/Src/stm32l4xx_hal_msp.c" -mcpu=cortex-m4 -std=gnu11 -g3 -DDEBUG -DUSE_HAL_DRIVER -DSTM32L4R5xx -c -I../Core/Inc -I../Drivers/STM32L4xx_HAL_Driver/Inc -I../Drivers/STM32L4xx_HAL_Driver/Inc/Legacy -I../Drivers/CMSIS/Device/ST/STM32L4xx/Include -I../Drivers/CMSIS/Include -O0 -ffunction-sections -fdata-sections -Wall -fstack-usage -fcyclomatic-complexity -MMD -MP -MF"Core/Src/stm32l4xx_hal_msp.d" -MT"Core/Src/stm32l4xx_hal_msp.o" --specs=nano.specs -mfpu=fpv4-sp-d16 -mfloat-abi=hard -mthumb -o "Core/Src/stm32l4xx_hal_msp.o"
../Core/Src/main.c: In function 'read_Temperature':
../Core/Src/main.c:87:33: warning: passing argument 2 of 'HAL_SPI_Receive' from incompatible pointer type [-Wincompatible-pointer-types]
   87 |         HAL_SPI_Receive(&hspi1, spi_buf, 2, 100);
      |                                 ^~~~~~~
      |                                 |
      |                                 uint16_t * {aka short unsigned int *}
In file included from ../Core/Inc/stm32l4xx_hal_conf.h:430,
                 from ../Drivers/STM32L4xx_HAL_Driver/Inc/stm32l4xx_hal.h:29,
                 from ../Core/Inc/main.h:30,
                 from ../Core/Src/main.c:20:
../Drivers/STM32L4xx_HAL_Driver/Inc/stm32l4xx_hal_spi.h:793:69: note: expected 'uint8_t *' {aka 'unsigned char *'} but argument is of type 'uint16_t *' {aka 'short unsigned int *'}
  793 | HAL_StatusTypeDef HAL_SPI_Receive(SPI_HandleTypeDef *hspi, uint8_t *pData, uint16_t Size, uint32_t Timeout);
      |                                                            ~~~~~~~~~^~~~~
arm-none-eabi-gcc -o "TADAMHESPEV_integrate.elf" @"objects.list"   -mcpu=cortex-m4 -T"C:\Users\ndib8\Desktop\TADAMHESPEV\TADAMHESPEV\373_Proj\TADAMHESPEV_integration\TADAMHESPEV_integrate\STM32L4R5ZITXP_FLASH.ld" --specs=nosys.specs -Wl,-Map="TADAMHESPEV_integrate.map" -Wl,--gc-sections -static --specs=nano.specs -mfpu=fpv4-sp-d16 -mfloat-abi=hard -mthumb -u _printf_float -Wl,--start-group -lc -lm -Wl,--end-group
Finished building target: TADAMHESPEV_integrate.elf
 
arm-none-eabi-size   TADAMHESPEV_integrate.elf 
arm-none-eabi-objdump -h -S  TADAMHESPEV_integrate.elf  > "TADAMHESPEV_integrate.list"
   text	   data	    bss	    dec	    hex	filename
  40048	    476	   2716	  43240	   a8e8	TADAMHESPEV_integrate.elf
Finished building: default.size.stdout
 
Finished building: TADAMHESPEV_integrate.list
 
14:37:40 **** Incremental Build of configuration Debug for project TADAMHESPEV_integrate ****
make -j12 all 
arm-none-eabi-gcc "../Core/Src/main.c" -mcpu=cortex-m4 -std=gnu11 -g3 -DDEBUG -DUSE_HAL_DRIVER -DSTM32L4R5xx -c -I../Core/Inc -I../Drivers/STM32L4xx_HAL_Driver/Inc -I../Drivers/STM32L4xx_HAL_Driver/Inc/Legacy -I../Drivers/CMSIS/Device/ST/STM32L4xx/Include -I../Drivers/CMSIS/Include -O0 -ffunction-sections -fdata-sections -Wall -fstack-usage -fcyclomatic-complexity -MMD -MP -MF"Core/Src/main.d" -MT"Core/Src/main.o" --specs=nano.specs -mfpu=fpv4-sp-d16 -mfloat-abi=hard -mthumb -o "Core/Src/main.o"
arm-none-eabi-gcc "../Core/Src/stm32l4xx_it.c" -mcpu=cortex-m4 -std=gnu11 -g3 -DDEBUG -DUSE_HAL_DRIVER -DSTM32L4R5xx -c -I../Core/Inc -I../Drivers/STM32L4xx_HAL_Driver/Inc -I../Drivers/STM32L4xx_HAL_Driver/Inc/Legacy -I../Drivers/CMSIS/Device/ST/STM32L4xx/Include -I../Drivers/CMSIS/Include -O0 -ffunction-sections -fdata-sections -Wall -fstack-usage -fcyclomatic-complexity -MMD -MP -MF"Core/Src/stm32l4xx_it.d" -MT"Core/Src/stm32l4xx_it.o" --specs=nano.specs -mfpu=fpv4-sp-d16 -mfloat-abi=hard -mthumb -o "Core/Src/stm32l4xx_it.o"
../Core/Src/stm32l4xx_it.c: In function 'TIM1_TRG_COM_TIM17_IRQHandler':
../Core/Src/stm32l4xx_it.c:234:9: error: 'teldata' undeclared (first use in this function)
  234 |         teldata.speed = temp;
      |         ^~~~~~~
../Core/Src/stm32l4xx_it.c:234:9: note: each undeclared identifier is reported only once for each function it appears in
../Core/Src/stm32l4xx_it.c: In function 'HAL_TIM_PeriodElapsedCallback':
../Core/Src/stm32l4xx_it.c:260:37: warning: implicit declaration of function 'read_Temperature' [-Wimplicit-function-declaration]
  260 |                         temp1sum += read_Temperature(GPIO_PIN_5); // read for the first temp sensor
      |                                     ^~~~~~~~~~~~~~~~
../Core/Src/main.c: In function 'read_Temperature':
../Core/Src/stm32l4xx_it.c:269:17: error: 'teldata' undeclared (first use in this function)
  269 |                 teldata.temp = average;
      |                 ^~~~~~~
../Core/Src/main.c:89:33: warning: passing argument 2 of 'HAL_SPI_Receive' from incompatible pointer type [-Wincompatible-pointer-types]
   89 |         HAL_SPI_Receive(&hspi1, spi_buf, sizeof(spi_buf), 100);
      |                                 ^~~~~~~
      |                                 |
      |                                 uint16_t * {aka short unsigned int *}
In file included from ../Core/Inc/stm32l4xx_hal_conf.h:430,
                 from ../Drivers/STM32L4xx_HAL_Driver/Inc/stm32l4xx_hal.h:29,
                 from ../Core/Inc/main.h:30,
                 from ../Core/Src/main.c:20:
../Drivers/STM32L4xx_HAL_Driver/Inc/stm32l4xx_hal_spi.h:793:69: note: expected 'uint8_t *' {aka 'unsigned char *'} but argument is of type 'uint16_t *' {aka 'short unsigned int *'}
  793 | HAL_StatusTypeDef HAL_SPI_Receive(SPI_HandleTypeDef *hspi, uint8_t *pData, uint16_t Size, uint32_t Timeout);
      |                                                            ~~~~~~~~~^~~~~
make: *** [Core/Src/subdir.mk:43: Core/Src/stm32l4xx_it.o] Error 1
make: *** Waiting for unfinished jobs....
"make -j12 all" terminated with exit code 2. Build might be incomplete.
14:38:09 **** Incremental Build of configuration Debug for project TADAMHESPEV_integrate ****
make -j12 all 
arm-none-eabi-gcc "../Core/Src/stm32l4xx_it.c" -mcpu=cortex-m4 -std=gnu11 -g3 -DDEBUG -DUSE_HAL_DRIVER -DSTM32L4R5xx -c -I../Core/Inc -I../Drivers/STM32L4xx_HAL_Driver/Inc -I../Drivers/STM32L4xx_HAL_Driver/Inc/Legacy -I../Drivers/CMSIS/Device/ST/STM32L4xx/Include -I../Drivers/CMSIS/Include -O0 -ffunction-sections -fdata-sections -Wall -fstack-usage -fcyclomatic-complexity -MMD -MP -MF"Core/Src/stm32l4xx_it.d" -MT"Core/Src/stm32l4xx_it.o" --specs=nano.specs -mfpu=fpv4-sp-d16 -mfloat-abi=hard -mthumb -o "Core/Src/stm32l4xx_it.o"
../Core/Src/stm32l4xx_it.c: In function 'TIM1_TRG_COM_TIM17_IRQHandler':
../Core/Src/stm32l4xx_it.c:234:16: error: invalid use of undefined type 'volatile struct TelData'
  234 |         teldata.speed = temp;
      |                ^
../Core/Src/stm32l4xx_it.c: In function 'HAL_TIM_PeriodElapsedCallback':
../Core/Src/stm32l4xx_it.c:260:37: warning: implicit declaration of function 'read_Temperature' [-Wimplicit-function-declaration]
  260 |                         temp1sum += read_Temperature(GPIO_PIN_5); // read for the first temp sensor
      |                                     ^~~~~~~~~~~~~~~~
../Core/Src/stm32l4xx_it.c:269:24: error: invalid use of undefined type 'volatile struct TelData'
  269 |                 teldata.temp = average;
      |                        ^
make: *** [Core/Src/subdir.mk:43: Core/Src/stm32l4xx_it.o] Error 1
"make -j12 all" terminated with exit code 2. Build might be incomplete.
14:38:43 **** Incremental Build of configuration Debug for project TADAMHESPEV_integrate ****
make -j12 all 
arm-none-eabi-gcc "../Core/Src/stm32l4xx_it.c" -mcpu=cortex-m4 -std=gnu11 -g3 -DDEBUG -DUSE_HAL_DRIVER -DSTM32L4R5xx -c -I../Core/Inc -I../Drivers/STM32L4xx_HAL_Driver/Inc -I../Drivers/STM32L4xx_HAL_Driver/Inc/Legacy -I../Drivers/CMSIS/Device/ST/STM32L4xx/Include -I../Drivers/CMSIS/Include -O0 -ffunction-sections -fdata-sections -Wall -fstack-usage -fcyclomatic-complexity -MMD -MP -MF"Core/Src/stm32l4xx_it.d" -MT"Core/Src/stm32l4xx_it.o" --specs=nano.specs -mfpu=fpv4-sp-d16 -mfloat-abi=hard -mthumb -o "Core/Src/stm32l4xx_it.o"
../Core/Src/stm32l4xx_it.c: In function 'HAL_TIM_PeriodElapsedCallback':
../Core/Src/stm32l4xx_it.c:261:37: warning: implicit declaration of function 'read_Temperature' [-Wimplicit-function-declaration]
  261 |                         temp1sum += read_Temperature(GPIO_PIN_5); // read for the first temp sensor
      |                                     ^~~~~~~~~~~~~~~~
arm-none-eabi-gcc -o "TADAMHESPEV_integrate.elf" @"objects.list"   -mcpu=cortex-m4 -T"C:\Users\ndib8\Desktop\TADAMHESPEV\TADAMHESPEV\373_Proj\TADAMHESPEV_integration\TADAMHESPEV_integrate\STM32L4R5ZITXP_FLASH.ld" --specs=nosys.specs -Wl,-Map="TADAMHESPEV_integrate.map" -Wl,--gc-sections -static --specs=nano.specs -mfpu=fpv4-sp-d16 -mfloat-abi=hard -mthumb -u _printf_float -Wl,--start-group -lc -lm -Wl,--end-group
Finished building target: TADAMHESPEV_integrate.elf
 
arm-none-eabi-size   TADAMHESPEV_integrate.elf 
arm-none-eabi-objdump -h -S  TADAMHESPEV_integrate.elf  > "TADAMHESPEV_integrate.list"
   text	   data	    bss	    dec	    hex	filename
  40128	    476	   2740	  43344	   a950	TADAMHESPEV_integrate.elf
Finished building: default.size.stdout
 
Finished building: TADAMHESPEV_integrate.list
 
14:44:06 **** Incremental Build of configuration Debug for project TADAMHESPEV_integrate ****
make -j12 all 
arm-none-eabi-gcc "../Core/Src/main.c" -mcpu=cortex-m4 -std=gnu11 -g3 -DDEBUG -DUSE_HAL_DRIVER -DSTM32L4R5xx -c -I../Core/Inc -I../Drivers/STM32L4xx_HAL_Driver/Inc -I../Drivers/STM32L4xx_HAL_Driver/Inc/Legacy -I../Drivers/CMSIS/Device/ST/STM32L4xx/Include -I../Drivers/CMSIS/Include -O0 -ffunction-sections -fdata-sections -Wall -fstack-usage -fcyclomatic-complexity -MMD -MP -MF"Core/Src/main.d" -MT"Core/Src/main.o" --specs=nano.specs -mfpu=fpv4-sp-d16 -mfloat-abi=hard -mthumb -o "Core/Src/main.o"
arm-none-eabi-gcc "../Core/Src/stm32l4xx_hal_msp.c" -mcpu=cortex-m4 -std=gnu11 -g3 -DDEBUG -DUSE_HAL_DRIVER -DSTM32L4R5xx -c -I../Core/Inc -I../Drivers/STM32L4xx_HAL_Driver/Inc -I../Drivers/STM32L4xx_HAL_Driver/Inc/Legacy -I../Drivers/CMSIS/Device/ST/STM32L4xx/Include -I../Drivers/CMSIS/Include -O0 -ffunction-sections -fdata-sections -Wall -fstack-usage -fcyclomatic-complexity -MMD -MP -MF"Core/Src/stm32l4xx_hal_msp.d" -MT"Core/Src/stm32l4xx_hal_msp.o" --specs=nano.specs -mfpu=fpv4-sp-d16 -mfloat-abi=hard -mthumb -o "Core/Src/stm32l4xx_hal_msp.o"
arm-none-eabi-gcc "../Core/Src/stm32l4xx_it.c" -mcpu=cortex-m4 -std=gnu11 -g3 -DDEBUG -DUSE_HAL_DRIVER -DSTM32L4R5xx -c -I../Core/Inc -I../Drivers/STM32L4xx_HAL_Driver/Inc -I../Drivers/STM32L4xx_HAL_Driver/Inc/Legacy -I../Drivers/CMSIS/Device/ST/STM32L4xx/Include -I../Drivers/CMSIS/Include -O0 -ffunction-sections -fdata-sections -Wall -fstack-usage -fcyclomatic-complexity -MMD -MP -MF"Core/Src/stm32l4xx_it.d" -MT"Core/Src/stm32l4xx_it.o" --specs=nano.specs -mfpu=fpv4-sp-d16 -mfloat-abi=hard -mthumb -o "Core/Src/stm32l4xx_it.o"
../Core/Src/stm32l4xx_it.c: In function 'HAL_TIM_PeriodElapsedCallback':
../Core/Src/stm32l4xx_it.c:260:37: warning: implicit declaration of function 'read_Temperature' [-Wimplicit-function-declaration]
  260 |                         temp1sum += read_Temperature(GPIO_PIN_5); // read for the first temp sensor
      |                                     ^~~~~~~~~~~~~~~~
At top level:
../Core/Src/stm32l4xx_it.c:48:17: warning: 'curTime' defined but not used [-Wunused-variable]
   48 | static uint16_t curTime = 0;
      |                 ^~~~~~~
../Core/Src/stm32l4xx_it.c:47:20: warning: 'veloMultiplier' defined but not used [-Wunused-const-variable=]
   47 | static const float veloMultiplier = 3366.477273;
      |                    ^~~~~~~~~~~~~~
../Core/Src/main.c: In function 'read_Temperature':
../Core/Src/main.c:89:33: warning: passing argument 2 of 'HAL_SPI_Receive' from incompatible pointer type [-Wincompatible-pointer-types]
   89 |         HAL_SPI_Receive(&hspi1, spi_buf, sizeof(spi_buf), 100);
      |                                 ^~~~~~~
      |                                 |
      |                                 uint16_t * {aka short unsigned int *}
In file included from ../Core/Inc/stm32l4xx_hal_conf.h:430,
                 from ../Drivers/STM32L4xx_HAL_Driver/Inc/stm32l4xx_hal.h:29,
                 from ../Core/Inc/main.h:30,
                 from ../Core/Src/main.c:20:
../Drivers/STM32L4xx_HAL_Driver/Inc/stm32l4xx_hal_spi.h:793:69: note: expected 'uint8_t *' {aka 'unsigned char *'} but argument is of type 'uint16_t *' {aka 'short unsigned int *'}
  793 | HAL_StatusTypeDef HAL_SPI_Receive(SPI_HandleTypeDef *hspi, uint8_t *pData, uint16_t Size, uint32_t Timeout);
      |                                                            ~~~~~~~~~^~~~~
arm-none-eabi-gcc -o "TADAMHESPEV_integrate.elf" @"objects.list"   -mcpu=cortex-m4 -T"C:\Users\ndib8\Desktop\TADAMHESPEV\TADAMHESPEV\373_Proj\TADAMHESPEV_integration\TADAMHESPEV_integrate\STM32L4R5ZITXP_FLASH.ld" --specs=nosys.specs -Wl,-Map="TADAMHESPEV_integrate.map" -Wl,--gc-sections -static --specs=nano.specs -mfpu=fpv4-sp-d16 -mfloat-abi=hard -mthumb -u _printf_float -Wl,--start-group -lc -lm -Wl,--end-group
Finished building target: TADAMHESPEV_integrate.elf
 
arm-none-eabi-size   TADAMHESPEV_integrate.elf 
arm-none-eabi-objdump -h -S  TADAMHESPEV_integrate.elf  > "TADAMHESPEV_integrate.list"
   text	   data	    bss	    dec	    hex	filename
  44392	    480	   2880	  47752	   ba88	TADAMHESPEV_integrate.elf
Finished building: default.size.stdout
 
Finished building: TADAMHESPEV_integrate.list
 
14:45:43 **** Incremental Build of configuration Debug for project TADAMHESPEV_integrate ****
make -j12 all 
arm-none-eabi-gcc "../Core/Src/led.c" -mcpu=cortex-m4 -std=gnu11 -g3 -DDEBUG -DUSE_HAL_DRIVER -DSTM32L4R5xx -c -I../Core/Inc -I../Drivers/STM32L4xx_HAL_Driver/Inc -I../Drivers/STM32L4xx_HAL_Driver/Inc/Legacy -I../Drivers/CMSIS/Device/ST/STM32L4xx/Include -I../Drivers/CMSIS/Include -O0 -ffunction-sections -fdata-sections -Wall -fstack-usage -fcyclomatic-complexity -MMD -MP -MF"Core/Src/led.d" -MT"Core/Src/led.o" --specs=nano.specs -mfpu=fpv4-sp-d16 -mfloat-abi=hard -mthumb -o "Core/Src/led.o"
arm-none-eabi-gcc -o "TADAMHESPEV_integrate.elf" @"objects.list"   -mcpu=cortex-m4 -T"C:\Users\ndib8\Desktop\TADAMHESPEV\TADAMHESPEV\373_Proj\TADAMHESPEV_integration\TADAMHESPEV_integrate\STM32L4R5ZITXP_FLASH.ld" --specs=nosys.specs -Wl,-Map="TADAMHESPEV_integrate.map" -Wl,--gc-sections -static --specs=nano.specs -mfpu=fpv4-sp-d16 -mfloat-abi=hard -mthumb -u _printf_float -Wl,--start-group -lc -lm -Wl,--end-group
Finished building target: TADAMHESPEV_integrate.elf
 
arm-none-eabi-size   TADAMHESPEV_integrate.elf 
arm-none-eabi-objdump -h -S  TADAMHESPEV_integrate.elf  > "TADAMHESPEV_integrate.list"
   text	   data	    bss	    dec	    hex	filename
  44392	    480	   2880	  47752	   ba88	TADAMHESPEV_integrate.elf
Finished building: default.size.stdout
 
Finished building: TADAMHESPEV_integrate.list
 
15:03:43 **** Incremental Build of configuration Debug for project TADAMHESPEV_integrate ****
make -j12 all 
arm-none-eabi-gcc "../Core/Src/acc.c" -mcpu=cortex-m4 -std=gnu11 -g3 -DDEBUG -DUSE_HAL_DRIVER -DSTM32L4R5xx -c -I../Core/Inc -I../Drivers/STM32L4xx_HAL_Driver/Inc -I../Drivers/STM32L4xx_HAL_Driver/Inc/Legacy -I../Drivers/CMSIS/Device/ST/STM32L4xx/Include -I../Drivers/CMSIS/Include -O0 -ffunction-sections -fdata-sections -Wall -fstack-usage -fcyclomatic-complexity -MMD -MP -MF"Core/Src/acc.d" -MT"Core/Src/acc.o" --specs=nano.specs -mfpu=fpv4-sp-d16 -mfloat-abi=hard -mthumb -o "Core/Src/acc.o"
arm-none-eabi-gcc "../Core/Src/led.c" -mcpu=cortex-m4 -std=gnu11 -g3 -DDEBUG -DUSE_HAL_DRIVER -DSTM32L4R5xx -c -I../Core/Inc -I../Drivers/STM32L4xx_HAL_Driver/Inc -I../Drivers/STM32L4xx_HAL_Driver/Inc/Legacy -I../Drivers/CMSIS/Device/ST/STM32L4xx/Include -I../Drivers/CMSIS/Include -O0 -ffunction-sections -fdata-sections -Wall -fstack-usage -fcyclomatic-complexity -MMD -MP -MF"Core/Src/led.d" -MT"Core/Src/led.o" --specs=nano.specs -mfpu=fpv4-sp-d16 -mfloat-abi=hard -mthumb -o "Core/Src/led.o"
arm-none-eabi-gcc "../Core/Src/main.c" -mcpu=cortex-m4 -std=gnu11 -g3 -DDEBUG -DUSE_HAL_DRIVER -DSTM32L4R5xx -c -I../Core/Inc -I../Drivers/STM32L4xx_HAL_Driver/Inc -I../Drivers/STM32L4xx_HAL_Driver/Inc/Legacy -I../Drivers/CMSIS/Device/ST/STM32L4xx/Include -I../Drivers/CMSIS/Include -O0 -ffunction-sections -fdata-sections -Wall -fstack-usage -fcyclomatic-complexity -MMD -MP -MF"Core/Src/main.d" -MT"Core/Src/main.o" --specs=nano.specs -mfpu=fpv4-sp-d16 -mfloat-abi=hard -mthumb -o "Core/Src/main.o"
arm-none-eabi-gcc "../Core/Src/stm32l4xx_hal_msp.c" -mcpu=cortex-m4 -std=gnu11 -g3 -DDEBUG -DUSE_HAL_DRIVER -DSTM32L4R5xx -c -I../Core/Inc -I../Drivers/STM32L4xx_HAL_Driver/Inc -I../Drivers/STM32L4xx_HAL_Driver/Inc/Legacy -I../Drivers/CMSIS/Device/ST/STM32L4xx/Include -I../Drivers/CMSIS/Include -O0 -ffunction-sections -fdata-sections -Wall -fstack-usage -fcyclomatic-complexity -MMD -MP -MF"Core/Src/stm32l4xx_hal_msp.d" -MT"Core/Src/stm32l4xx_hal_msp.o" --specs=nano.specs -mfpu=fpv4-sp-d16 -mfloat-abi=hard -mthumb -o "Core/Src/stm32l4xx_hal_msp.o"
arm-none-eabi-gcc "../Core/Src/stm32l4xx_it.c" -mcpu=cortex-m4 -std=gnu11 -g3 -DDEBUG -DUSE_HAL_DRIVER -DSTM32L4R5xx -c -I../Core/Inc -I../Drivers/STM32L4xx_HAL_Driver/Inc -I../Drivers/STM32L4xx_HAL_Driver/Inc/Legacy -I../Drivers/CMSIS/Device/ST/STM32L4xx/Include -I../Drivers/CMSIS/Include -O0 -ffunction-sections -fdata-sections -Wall -fstack-usage -fcyclomatic-complexity -MMD -MP -MF"Core/Src/stm32l4xx_it.d" -MT"Core/Src/stm32l4xx_it.o" --specs=nano.specs -mfpu=fpv4-sp-d16 -mfloat-abi=hard -mthumb -o "Core/Src/stm32l4xx_it.o"
arm-none-eabi-gcc "../Core/Src/syscalls.c" -mcpu=cortex-m4 -std=gnu11 -g3 -DDEBUG -DUSE_HAL_DRIVER -DSTM32L4R5xx -c -I../Core/Inc -I../Drivers/STM32L4xx_HAL_Driver/Inc -I../Drivers/STM32L4xx_HAL_Driver/Inc/Legacy -I../Drivers/CMSIS/Device/ST/STM32L4xx/Include -I../Drivers/CMSIS/Include -O0 -ffunction-sections -fdata-sections -Wall -fstack-usage -fcyclomatic-complexity -MMD -MP -MF"Core/Src/syscalls.d" -MT"Core/Src/syscalls.o" --specs=nano.specs -mfpu=fpv4-sp-d16 -mfloat-abi=hard -mthumb -o "Core/Src/syscalls.o"
arm-none-eabi-gcc "../Core/Src/sysmem.c" -mcpu=cortex-m4 -std=gnu11 -g3 -DDEBUG -DUSE_HAL_DRIVER -DSTM32L4R5xx -c -I../Core/Inc -I../Drivers/STM32L4xx_HAL_Driver/Inc -I../Drivers/STM32L4xx_HAL_Driver/Inc/Legacy -I../Drivers/CMSIS/Device/ST/STM32L4xx/Include -I../Drivers/CMSIS/Include -O0 -ffunction-sections -fdata-sections -Wall -fstack-usage -fcyclomatic-complexity -MMD -MP -MF"Core/Src/sysmem.d" -MT"Core/Src/sysmem.o" --specs=nano.specs -mfpu=fpv4-sp-d16 -mfloat-abi=hard -mthumb -o "Core/Src/sysmem.o"
arm-none-eabi-gcc "../Core/Src/system_stm32l4xx.c" -mcpu=cortex-m4 -std=gnu11 -g3 -DDEBUG -DUSE_HAL_DRIVER -DSTM32L4R5xx -c -I../Core/Inc -I../Drivers/STM32L4xx_HAL_Driver/Inc -I../Drivers/STM32L4xx_HAL_Driver/Inc/Legacy -I../Drivers/CMSIS/Device/ST/STM32L4xx/Include -I../Drivers/CMSIS/Include -O0 -ffunction-sections -fdata-sections -Wall -fstack-usage -fcyclomatic-complexity -MMD -MP -MF"Core/Src/system_stm32l4xx.d" -MT"Core/Src/system_stm32l4xx.o" --specs=nano.specs -mfpu=fpv4-sp-d16 -mfloat-abi=hard -mthumb -o "Core/Src/system_stm32l4xx.o"
../Core/Src/main.c: In function 'read_Temperature':
../Core/Src/main.c:89:33: warning: passing argument 2 of 'HAL_SPI_Receive' from incompatible pointer type [-Wincompatible-pointer-types]
   89 |         HAL_SPI_Receive(&hspi1, spi_buf, sizeof(spi_buf), 100);
      |                                 ^~~~~~~
      |                                 |
      |                                 uint16_t * {aka short unsigned int *}
In file included from ../Core/Inc/stm32l4xx_hal_conf.h:430,
                 from ../Drivers/STM32L4xx_HAL_Driver/Inc/stm32l4xx_hal.h:29,
                 from ../Core/Inc/main.h:30,
                 from ../Core/Src/main.c:20:
../Drivers/STM32L4xx_HAL_Driver/Inc/stm32l4xx_hal_spi.h:793:69: note: expected 'uint8_t *' {aka 'unsigned char *'} but argument is of type 'uint16_t *' {aka 'short unsigned int *'}
  793 | HAL_StatusTypeDef HAL_SPI_Receive(SPI_HandleTypeDef *hspi, uint8_t *pData, uint16_t Size, uint32_t Timeout);
      |                                                            ~~~~~~~~~^~~~~
../Core/Src/stm32l4xx_it.c: In function 'HAL_TIM_PeriodElapsedCallback':
../Core/Src/stm32l4xx_it.c:261:37: warning: implicit declaration of function 'read_Temperature' [-Wimplicit-function-declaration]
  261 |                         temp1sum += read_Temperature(GPIO_PIN_5); // read for the first temp sensor
      |                                     ^~~~~~~~~~~~~~~~
At top level:
../Core/Src/stm32l4xx_it.c:48:17: warning: 'curTime' defined but not used [-Wunused-variable]
   48 | static uint16_t curTime = 0;
      |                 ^~~~~~~
../Core/Src/stm32l4xx_it.c:47:20: warning: 'veloMultiplier' defined but not used [-Wunused-const-variable=]
   47 | static const float veloMultiplier = 3366.477273;
      |                    ^~~~~~~~~~~~~~
../Core/Src/acc.c: In function 'ReadAccData':
../Core/Src/acc.c:127:35: warning: variable 'ret' set but not used [-Wunused-but-set-variable]
  127 |                 HAL_StatusTypeDef ret = HAL_I2C_Master_Transmit(&hi2c1, ACC_I2C_ADDR << 1, buf, 1, 1000);
      |                                   ^~~
../Core/Src/acc.c: In function 'print_raw_acc_bin':
../Core/Src/acc.c:158:35: warning: variable 'ret' set but not used [-Wunused-but-set-variable]
  158 |                 HAL_StatusTypeDef ret = HAL_I2C_Master_Transmit(&hi2c1, ACC_I2C_ADDR << 1, buf, 1, 1000);
      |                                   ^~~
arm-none-eabi-gcc -o "TADAMHESPEV_integrate.elf" @"objects.list"   -mcpu=cortex-m4 -T"C:\Users\ndib8\Desktop\TADAMHESPEV\TADAMHESPEV\373_Proj\TADAMHESPEV_integration\TADAMHESPEV_integrate\STM32L4R5ZITXP_FLASH.ld" --specs=nosys.specs -Wl,-Map="TADAMHESPEV_integrate.map" -Wl,--gc-sections -static --specs=nano.specs -mfpu=fpv4-sp-d16 -mfloat-abi=hard -mthumb -u _printf_float -Wl,--start-group -lc -lm -Wl,--end-group
Finished building target: TADAMHESPEV_integrate.elf
 
arm-none-eabi-size   TADAMHESPEV_integrate.elf 
arm-none-eabi-objdump -h -S  TADAMHESPEV_integrate.elf  > "TADAMHESPEV_integrate.list"
   text	   data	    bss	    dec	    hex	filename
  44400	    480	   2880	  47760	   ba90	TADAMHESPEV_integrate.elf
Finished building: default.size.stdout
 
Finished building: TADAMHESPEV_integrate.list
 
15:23:46 **** Incremental Build of configuration Debug for project TADAMHESPEV_integrate ****
make -j12 all 
arm-none-eabi-gcc "../Core/Src/main.c" -mcpu=cortex-m4 -std=gnu11 -g3 -DDEBUG -DUSE_HAL_DRIVER -DSTM32L4R5xx -c -I../Core/Inc -I../Drivers/STM32L4xx_HAL_Driver/Inc -I../Drivers/STM32L4xx_HAL_Driver/Inc/Legacy -I../Drivers/CMSIS/Device/ST/STM32L4xx/Include -I../Drivers/CMSIS/Include -O0 -ffunction-sections -fdata-sections -Wall -fstack-usage -fcyclomatic-complexity -MMD -MP -MF"Core/Src/main.d" -MT"Core/Src/main.o" --specs=nano.specs -mfpu=fpv4-sp-d16 -mfloat-abi=hard -mthumb -o "Core/Src/main.o"
arm-none-eabi-gcc "../Core/Src/stm32l4xx_hal_msp.c" -mcpu=cortex-m4 -std=gnu11 -g3 -DDEBUG -DUSE_HAL_DRIVER -DSTM32L4R5xx -c -I../Core/Inc -I../Drivers/STM32L4xx_HAL_Driver/Inc -I../Drivers/STM32L4xx_HAL_Driver/Inc/Legacy -I../Drivers/CMSIS/Device/ST/STM32L4xx/Include -I../Drivers/CMSIS/Include -O0 -ffunction-sections -fdata-sections -Wall -fstack-usage -fcyclomatic-complexity -MMD -MP -MF"Core/Src/stm32l4xx_hal_msp.d" -MT"Core/Src/stm32l4xx_hal_msp.o" --specs=nano.specs -mfpu=fpv4-sp-d16 -mfloat-abi=hard -mthumb -o "Core/Src/stm32l4xx_hal_msp.o"
../Core/Src/main.c: In function 'read_Temperature':
../Core/Src/main.c:89:33: warning: passing argument 2 of 'HAL_SPI_Receive' from incompatible pointer type [-Wincompatible-pointer-types]
   89 |         HAL_SPI_Receive(&hspi1, spi_buf, sizeof(spi_buf), 100);
      |                                 ^~~~~~~
      |                                 |
      |                                 uint16_t * {aka short unsigned int *}
In file included from ../Core/Inc/stm32l4xx_hal_conf.h:430,
                 from ../Drivers/STM32L4xx_HAL_Driver/Inc/stm32l4xx_hal.h:29,
                 from ../Core/Inc/main.h:30,
                 from ../Core/Src/main.c:20:
../Drivers/STM32L4xx_HAL_Driver/Inc/stm32l4xx_hal_spi.h:793:69: note: expected 'uint8_t *' {aka 'unsigned char *'} but argument is of type 'uint16_t *' {aka 'short unsigned int *'}
  793 | HAL_StatusTypeDef HAL_SPI_Receive(SPI_HandleTypeDef *hspi, uint8_t *pData, uint16_t Size, uint32_t Timeout);
      |                                                            ~~~~~~~~~^~~~~
arm-none-eabi-gcc -o "TADAMHESPEV_integrate.elf" @"objects.list"   -mcpu=cortex-m4 -T"C:\Users\ndib8\Desktop\TADAMHESPEV\TADAMHESPEV\373_Proj\TADAMHESPEV_integration\TADAMHESPEV_integrate\STM32L4R5ZITXP_FLASH.ld" --specs=nosys.specs -Wl,-Map="TADAMHESPEV_integrate.map" -Wl,--gc-sections -static --specs=nano.specs -mfpu=fpv4-sp-d16 -mfloat-abi=hard -mthumb -u _printf_float -Wl,--start-group -lc -lm -Wl,--end-group
Finished building target: TADAMHESPEV_integrate.elf
 
arm-none-eabi-size   TADAMHESPEV_integrate.elf 
arm-none-eabi-objdump -h -S  TADAMHESPEV_integrate.elf  > "TADAMHESPEV_integrate.list"
   text	   data	    bss	    dec	    hex	filename
  44368	    480	   2880	  47728	   ba70	TADAMHESPEV_integrate.elf
Finished building: default.size.stdout
 
Finished building: TADAMHESPEV_integrate.list
 
15:45:34 **** Incremental Build of configuration Debug for project TADAMHESPEV_integrate ****
make -j12 all 
arm-none-eabi-size   TADAMHESPEV_integrate.elf 
   text	   data	    bss	    dec	    hex	filename
  44368	    480	   2880	  47728	   ba70	TADAMHESPEV_integrate.elf
Finished building: default.size.stdout
 
15:53:18 **** Incremental Build of configuration Debug for project TADAMHESPEV_integrate ****
make -j12 all 
arm-none-eabi-gcc "../Core/Src/stm32l4xx_it.c" -mcpu=cortex-m4 -std=gnu11 -g3 -DDEBUG -DUSE_HAL_DRIVER -DSTM32L4R5xx -c -I../Core/Inc -I../Drivers/STM32L4xx_HAL_Driver/Inc -I../Drivers/STM32L4xx_HAL_Driver/Inc/Legacy -I../Drivers/CMSIS/Device/ST/STM32L4xx/Include -I../Drivers/CMSIS/Include -O0 -ffunction-sections -fdata-sections -Wall -fstack-usage -fcyclomatic-complexity -MMD -MP -MF"Core/Src/stm32l4xx_it.d" -MT"Core/Src/stm32l4xx_it.o" --specs=nano.specs -mfpu=fpv4-sp-d16 -mfloat-abi=hard -mthumb -o "Core/Src/stm32l4xx_it.o"
../Core/Src/stm32l4xx_it.c: In function 'HAL_TIM_PeriodElapsedCallback':
../Core/Src/stm32l4xx_it.c:261:37: warning: implicit declaration of function 'read_Temperature' [-Wimplicit-function-declaration]
  261 |                         temp1sum += read_Temperature(GPIO_PIN_5); // read for the first temp sensor
      |                                     ^~~~~~~~~~~~~~~~
At top level:
../Core/Src/stm32l4xx_it.c:48:17: warning: 'curTime' defined but not used [-Wunused-variable]
   48 | static uint16_t curTime = 0;
      |                 ^~~~~~~
../Core/Src/stm32l4xx_it.c:47:20: warning: 'veloMultiplier' defined but not used [-Wunused-const-variable=]
   47 | static const float veloMultiplier = 3366.477273;
      |                    ^~~~~~~~~~~~~~
arm-none-eabi-gcc -o "TADAMHESPEV_integrate.elf" @"objects.list"   -mcpu=cortex-m4 -T"C:\Users\ndib8\Desktop\TADAMHESPEV\TADAMHESPEV\373_Proj\TADAMHESPEV_integration\TADAMHESPEV_integrate\STM32L4R5ZITXP_FLASH.ld" --specs=nosys.specs -Wl,-Map="TADAMHESPEV_integrate.map" -Wl,--gc-sections -static --specs=nano.specs -mfpu=fpv4-sp-d16 -mfloat-abi=hard -mthumb -u _printf_float -Wl,--start-group -lc -lm -Wl,--end-group
Finished building target: TADAMHESPEV_integrate.elf
 
arm-none-eabi-size   TADAMHESPEV_integrate.elf 
arm-none-eabi-objdump -h -S  TADAMHESPEV_integrate.elf  > "TADAMHESPEV_integrate.list"
   text	   data	    bss	    dec	    hex	filename
  44360	    480	   2880	  47720	   ba68	TADAMHESPEV_integrate.elf
Finished building: default.size.stdout
 
Finished building: TADAMHESPEV_integrate.list
 
16:06:35 **** Incremental Build of configuration Debug for project TADAMHESPEV_integrate ****
make -j12 all 
arm-none-eabi-gcc "../Core/Src/main.c" -mcpu=cortex-m4 -std=gnu11 -g3 -DDEBUG -DUSE_HAL_DRIVER -DSTM32L4R5xx -c -I../Core/Inc -I../Drivers/STM32L4xx_HAL_Driver/Inc -I../Drivers/STM32L4xx_HAL_Driver/Inc/Legacy -I../Drivers/CMSIS/Device/ST/STM32L4xx/Include -I../Drivers/CMSIS/Include -O0 -ffunction-sections -fdata-sections -Wall -fstack-usage -fcyclomatic-complexity -MMD -MP -MF"Core/Src/main.d" -MT"Core/Src/main.o" --specs=nano.specs -mfpu=fpv4-sp-d16 -mfloat-abi=hard -mthumb -o "Core/Src/main.o"
arm-none-eabi-gcc "../Core/Src/stm32l4xx_hal_msp.c" -mcpu=cortex-m4 -std=gnu11 -g3 -DDEBUG -DUSE_HAL_DRIVER -DSTM32L4R5xx -c -I../Core/Inc -I../Drivers/STM32L4xx_HAL_Driver/Inc -I../Drivers/STM32L4xx_HAL_Driver/Inc/Legacy -I../Drivers/CMSIS/Device/ST/STM32L4xx/Include -I../Drivers/CMSIS/Include -O0 -ffunction-sections -fdata-sections -Wall -fstack-usage -fcyclomatic-complexity -MMD -MP -MF"Core/Src/stm32l4xx_hal_msp.d" -MT"Core/Src/stm32l4xx_hal_msp.o" --specs=nano.specs -mfpu=fpv4-sp-d16 -mfloat-abi=hard -mthumb -o "Core/Src/stm32l4xx_hal_msp.o"
../Core/Src/main.c: In function 'read_Temperature':
../Core/Src/main.c:89:33: warning: passing argument 2 of 'HAL_SPI_Receive' from incompatible pointer type [-Wincompatible-pointer-types]
   89 |         HAL_SPI_Receive(&hspi1, spi_buf, sizeof(spi_buf), 100);
      |                                 ^~~~~~~
      |                                 |
      |                                 uint16_t * {aka short unsigned int *}
In file included from ../Core/Inc/stm32l4xx_hal_conf.h:430,
                 from ../Drivers/STM32L4xx_HAL_Driver/Inc/stm32l4xx_hal.h:29,
                 from ../Core/Inc/main.h:30,
                 from ../Core/Src/main.c:20:
../Drivers/STM32L4xx_HAL_Driver/Inc/stm32l4xx_hal_spi.h:793:69: note: expected 'uint8_t *' {aka 'unsigned char *'} but argument is of type 'uint16_t *' {aka 'short unsigned int *'}
  793 | HAL_StatusTypeDef HAL_SPI_Receive(SPI_HandleTypeDef *hspi, uint8_t *pData, uint16_t Size, uint32_t Timeout);
      |                                                            ~~~~~~~~~^~~~~
arm-none-eabi-gcc -o "TADAMHESPEV_integrate.elf" @"objects.list"   -mcpu=cortex-m4 -T"C:\Users\ndib8\Desktop\TADAMHESPEV\TADAMHESPEV\373_Proj\TADAMHESPEV_integration\TADAMHESPEV_integrate\STM32L4R5ZITXP_FLASH.ld" --specs=nosys.specs -Wl,-Map="TADAMHESPEV_integrate.map" -Wl,--gc-sections -static --specs=nano.specs -mfpu=fpv4-sp-d16 -mfloat-abi=hard -mthumb -u _printf_float -Wl,--start-group -lc -lm -Wl,--end-group
Finished building target: TADAMHESPEV_integrate.elf
 
arm-none-eabi-size   TADAMHESPEV_integrate.elf 
arm-none-eabi-objdump -h -S  TADAMHESPEV_integrate.elf  > "TADAMHESPEV_integrate.list"
   text	   data	    bss	    dec	    hex	filename
  44352	    480	   2880	  47712	   ba60	TADAMHESPEV_integrate.elf
Finished building: default.size.stdout
 
Finished building: TADAMHESPEV_integrate.list
 
16:10:41 **** Incremental Build of configuration Debug for project TADAMHESPEV_integrate ****
make -j12 all 
arm-none-eabi-gcc "../Core/Src/acc.c" -mcpu=cortex-m4 -std=gnu11 -g3 -DDEBUG -DUSE_HAL_DRIVER -DSTM32L4R5xx -c -I../Core/Inc -I../Drivers/STM32L4xx_HAL_Driver/Inc -I../Drivers/STM32L4xx_HAL_Driver/Inc/Legacy -I../Drivers/CMSIS/Device/ST/STM32L4xx/Include -I../Drivers/CMSIS/Include -O0 -ffunction-sections -fdata-sections -Wall -fstack-usage -fcyclomatic-complexity -MMD -MP -MF"Core/Src/acc.d" -MT"Core/Src/acc.o" --specs=nano.specs -mfpu=fpv4-sp-d16 -mfloat-abi=hard -mthumb -o "Core/Src/acc.o"
arm-none-eabi-gcc "../Core/Src/main.c" -mcpu=cortex-m4 -std=gnu11 -g3 -DDEBUG -DUSE_HAL_DRIVER -DSTM32L4R5xx -c -I../Core/Inc -I../Drivers/STM32L4xx_HAL_Driver/Inc -I../Drivers/STM32L4xx_HAL_Driver/Inc/Legacy -I../Drivers/CMSIS/Device/ST/STM32L4xx/Include -I../Drivers/CMSIS/Include -O0 -ffunction-sections -fdata-sections -Wall -fstack-usage -fcyclomatic-complexity -MMD -MP -MF"Core/Src/main.d" -MT"Core/Src/main.o" --specs=nano.specs -mfpu=fpv4-sp-d16 -mfloat-abi=hard -mthumb -o "Core/Src/main.o"
../Core/Src/acc.c: In function 'ReadAccData':
../Core/Src/acc.c:127:35: warning: variable 'ret' set but not used [-Wunused-but-set-variable]
  127 |                 HAL_StatusTypeDef ret = HAL_I2C_Master_Transmit(&hi2c1, ACC_I2C_ADDR << 1, buf, 1, 1000);
      |                                   ^~~
../Core/Src/acc.c: In function 'print_raw_acc_bin':
../Core/Src/acc.c:158:35: warning: variable 'ret' set but not used [-Wunused-but-set-variable]
  158 |                 HAL_StatusTypeDef ret = HAL_I2C_Master_Transmit(&hi2c1, ACC_I2C_ADDR << 1, buf, 1, 1000);
      |                                   ^~~
../Core/Src/main.c: In function 'read_Temperature':
../Core/Src/main.c:89:33: warning: passing argument 2 of 'HAL_SPI_Receive' from incompatible pointer type [-Wincompatible-pointer-types]
   89 |         HAL_SPI_Receive(&hspi1, spi_buf, sizeof(spi_buf), 100);
      |                                 ^~~~~~~
      |                                 |
      |                                 uint16_t * {aka short unsigned int *}
In file included from ../Core/Inc/stm32l4xx_hal_conf.h:430,
                 from ../Drivers/STM32L4xx_HAL_Driver/Inc/stm32l4xx_hal.h:29,
                 from ../Core/Inc/main.h:30,
                 from ../Core/Src/main.c:20:
../Drivers/STM32L4xx_HAL_Driver/Inc/stm32l4xx_hal_spi.h:793:69: note: expected 'uint8_t *' {aka 'unsigned char *'} but argument is of type 'uint16_t *' {aka 'short unsigned int *'}
  793 | HAL_StatusTypeDef HAL_SPI_Receive(SPI_HandleTypeDef *hspi, uint8_t *pData, uint16_t Size, uint32_t Timeout);
      |                                                            ~~~~~~~~~^~~~~
arm-none-eabi-gcc -o "TADAMHESPEV_integrate.elf" @"objects.list"   -mcpu=cortex-m4 -T"C:\Users\ndib8\Desktop\TADAMHESPEV\TADAMHESPEV\373_Proj\TADAMHESPEV_integration\TADAMHESPEV_integrate\STM32L4R5ZITXP_FLASH.ld" --specs=nosys.specs -Wl,-Map="TADAMHESPEV_integrate.map" -Wl,--gc-sections -static --specs=nano.specs -mfpu=fpv4-sp-d16 -mfloat-abi=hard -mthumb -u _printf_float -Wl,--start-group -lc -lm -Wl,--end-group
Finished building target: TADAMHESPEV_integrate.elf
 
arm-none-eabi-size   TADAMHESPEV_integrate.elf 
arm-none-eabi-objdump -h -S  TADAMHESPEV_integrate.elf  > "TADAMHESPEV_integrate.list"
   text	   data	    bss	    dec	    hex	filename
  44296	    480	   2880	  47656	   ba28	TADAMHESPEV_integrate.elf
Finished building: default.size.stdout
 
Finished building: TADAMHESPEV_integrate.list
 
16:20:26 **** Incremental Build of configuration Debug for project TADAMHESPEV_integrate ****
make -j12 all 
arm-none-eabi-gcc "../Core/Src/led.c" -mcpu=cortex-m4 -std=gnu11 -g3 -DDEBUG -DUSE_HAL_DRIVER -DSTM32L4R5xx -c -I../Core/Inc -I../Drivers/STM32L4xx_HAL_Driver/Inc -I../Drivers/STM32L4xx_HAL_Driver/Inc/Legacy -I../Drivers/CMSIS/Device/ST/STM32L4xx/Include -I../Drivers/CMSIS/Include -O0 -ffunction-sections -fdata-sections -Wall -fstack-usage -fcyclomatic-complexity -MMD -MP -MF"Core/Src/led.d" -MT"Core/Src/led.o" --specs=nano.specs -mfpu=fpv4-sp-d16 -mfloat-abi=hard -mthumb -o "Core/Src/led.o"
arm-none-eabi-gcc "../Core/Src/main.c" -mcpu=cortex-m4 -std=gnu11 -g3 -DDEBUG -DUSE_HAL_DRIVER -DSTM32L4R5xx -c -I../Core/Inc -I../Drivers/STM32L4xx_HAL_Driver/Inc -I../Drivers/STM32L4xx_HAL_Driver/Inc/Legacy -I../Drivers/CMSIS/Device/ST/STM32L4xx/Include -I../Drivers/CMSIS/Include -O0 -ffunction-sections -fdata-sections -Wall -fstack-usage -fcyclomatic-complexity -MMD -MP -MF"Core/Src/main.d" -MT"Core/Src/main.o" --specs=nano.specs -mfpu=fpv4-sp-d16 -mfloat-abi=hard -mthumb -o "Core/Src/main.o"
arm-none-eabi-gcc "../Core/Src/stm32l4xx_hal_msp.c" -mcpu=cortex-m4 -std=gnu11 -g3 -DDEBUG -DUSE_HAL_DRIVER -DSTM32L4R5xx -c -I../Core/Inc -I../Drivers/STM32L4xx_HAL_Driver/Inc -I../Drivers/STM32L4xx_HAL_Driver/Inc/Legacy -I../Drivers/CMSIS/Device/ST/STM32L4xx/Include -I../Drivers/CMSIS/Include -O0 -ffunction-sections -fdata-sections -Wall -fstack-usage -fcyclomatic-complexity -MMD -MP -MF"Core/Src/stm32l4xx_hal_msp.d" -MT"Core/Src/stm32l4xx_hal_msp.o" --specs=nano.specs -mfpu=fpv4-sp-d16 -mfloat-abi=hard -mthumb -o "Core/Src/stm32l4xx_hal_msp.o"
../Core/Src/main.c: In function 'read_Temperature':
../Core/Src/main.c:89:33: warning: passing argument 2 of 'HAL_SPI_Receive' from incompatible pointer type [-Wincompatible-pointer-types]
   89 |         HAL_SPI_Receive(&hspi1, spi_buf, sizeof(spi_buf), 100);
      |                                 ^~~~~~~
      |                                 |
      |                                 uint16_t * {aka short unsigned int *}
In file included from ../Core/Inc/stm32l4xx_hal_conf.h:430,
                 from ../Drivers/STM32L4xx_HAL_Driver/Inc/stm32l4xx_hal.h:29,
                 from ../Core/Inc/main.h:30,
                 from ../Core/Src/main.c:20:
../Drivers/STM32L4xx_HAL_Driver/Inc/stm32l4xx_hal_spi.h:793:69: note: expected 'uint8_t *' {aka 'unsigned char *'} but argument is of type 'uint16_t *' {aka 'short unsigned int *'}
  793 | HAL_StatusTypeDef HAL_SPI_Receive(SPI_HandleTypeDef *hspi, uint8_t *pData, uint16_t Size, uint32_t Timeout);
      |                                                            ~~~~~~~~~^~~~~
arm-none-eabi-gcc -o "TADAMHESPEV_integrate.elf" @"objects.list"   -mcpu=cortex-m4 -T"C:\Users\ndib8\Desktop\TADAMHESPEV\TADAMHESPEV\373_Proj\TADAMHESPEV_integration\TADAMHESPEV_integrate\STM32L4R5ZITXP_FLASH.ld" --specs=nosys.specs -Wl,-Map="TADAMHESPEV_integrate.map" -Wl,--gc-sections -static --specs=nano.specs -mfpu=fpv4-sp-d16 -mfloat-abi=hard -mthumb -u _printf_float -Wl,--start-group -lc -lm -Wl,--end-group
Finished building target: TADAMHESPEV_integrate.elf
 
arm-none-eabi-size   TADAMHESPEV_integrate.elf 
arm-none-eabi-objdump -h -S  TADAMHESPEV_integrate.elf  > "TADAMHESPEV_integrate.list"
   text	   data	    bss	    dec	    hex	filename
  44336	    480	   2880	  47696	   ba50	TADAMHESPEV_integrate.elf
Finished building: default.size.stdout
 
Finished building: TADAMHESPEV_integrate.list
 
16:21:52 **** Incremental Build of configuration Debug for project TADAMHESPEV_integrate ****
make -j12 all 
arm-none-eabi-gcc "../Core/Src/main.c" -mcpu=cortex-m4 -std=gnu11 -g3 -DDEBUG -DUSE_HAL_DRIVER -DSTM32L4R5xx -c -I../Core/Inc -I../Drivers/STM32L4xx_HAL_Driver/Inc -I../Drivers/STM32L4xx_HAL_Driver/Inc/Legacy -I../Drivers/CMSIS/Device/ST/STM32L4xx/Include -I../Drivers/CMSIS/Include -O0 -ffunction-sections -fdata-sections -Wall -fstack-usage -fcyclomatic-complexity -MMD -MP -MF"Core/Src/main.d" -MT"Core/Src/main.o" --specs=nano.specs -mfpu=fpv4-sp-d16 -mfloat-abi=hard -mthumb -o "Core/Src/main.o"
../Core/Src/main.c: In function 'read_Temperature':
../Core/Src/main.c:89:33: warning: passing argument 2 of 'HAL_SPI_Receive' from incompatible pointer type [-Wincompatible-pointer-types]
   89 |         HAL_SPI_Receive(&hspi1, spi_buf, sizeof(spi_buf), 100);
      |                                 ^~~~~~~
      |                                 |
      |                                 uint16_t * {aka short unsigned int *}
In file included from ../Core/Inc/stm32l4xx_hal_conf.h:430,
                 from ../Drivers/STM32L4xx_HAL_Driver/Inc/stm32l4xx_hal.h:29,
                 from ../Core/Inc/main.h:30,
                 from ../Core/Src/main.c:20:
../Drivers/STM32L4xx_HAL_Driver/Inc/stm32l4xx_hal_spi.h:793:69: note: expected 'uint8_t *' {aka 'unsigned char *'} but argument is of type 'uint16_t *' {aka 'short unsigned int *'}
  793 | HAL_StatusTypeDef HAL_SPI_Receive(SPI_HandleTypeDef *hspi, uint8_t *pData, uint16_t Size, uint32_t Timeout);
      |                                                            ~~~~~~~~~^~~~~
arm-none-eabi-gcc -o "TADAMHESPEV_integrate.elf" @"objects.list"   -mcpu=cortex-m4 -T"C:\Users\ndib8\Desktop\TADAMHESPEV\TADAMHESPEV\373_Proj\TADAMHESPEV_integration\TADAMHESPEV_integrate\STM32L4R5ZITXP_FLASH.ld" --specs=nosys.specs -Wl,-Map="TADAMHESPEV_integrate.map" -Wl,--gc-sections -static --specs=nano.specs -mfpu=fpv4-sp-d16 -mfloat-abi=hard -mthumb -u _printf_float -Wl,--start-group -lc -lm -Wl,--end-group
Finished building target: TADAMHESPEV_integrate.elf
 
arm-none-eabi-size   TADAMHESPEV_integrate.elf 
arm-none-eabi-objdump -h -S  TADAMHESPEV_integrate.elf  > "TADAMHESPEV_integrate.list"
   text	   data	    bss	    dec	    hex	filename
  44376	    480	   2880	  47736	   ba78	TADAMHESPEV_integrate.elf
Finished building: default.size.stdout
 
Finished building: TADAMHESPEV_integrate.list
 
16:21:57 **** Incremental Build of configuration Debug for project TADAMHESPEV_integrate ****
make -j12 all 
arm-none-eabi-size   TADAMHESPEV_integrate.elf 
   text	   data	    bss	    dec	    hex	filename
  44376	    480	   2880	  47736	   ba78	TADAMHESPEV_integrate.elf
Finished building: default.size.stdout
 
16:23:07 **** Incremental Build of configuration Debug for project TADAMHESPEV_integrate ****
make -j12 all 
arm-none-eabi-gcc "../Core/Src/stm32l4xx_it.c" -mcpu=cortex-m4 -std=gnu11 -g3 -DDEBUG -DUSE_HAL_DRIVER -DSTM32L4R5xx -c -I../Core/Inc -I../Drivers/STM32L4xx_HAL_Driver/Inc -I../Drivers/STM32L4xx_HAL_Driver/Inc/Legacy -I../Drivers/CMSIS/Device/ST/STM32L4xx/Include -I../Drivers/CMSIS/Include -O0 -ffunction-sections -fdata-sections -Wall -fstack-usage -fcyclomatic-complexity -MMD -MP -MF"Core/Src/stm32l4xx_it.d" -MT"Core/Src/stm32l4xx_it.o" --specs=nano.specs -mfpu=fpv4-sp-d16 -mfloat-abi=hard -mthumb -o "Core/Src/stm32l4xx_it.o"
../Core/Src/stm32l4xx_it.c: In function 'HAL_TIM_PeriodElapsedCallback':
../Core/Src/stm32l4xx_it.c:261:37: warning: implicit declaration of function 'read_Temperature' [-Wimplicit-function-declaration]
  261 |                         temp1sum += read_Temperature(GPIO_PIN_5); // read for the first temp sensor
      |                                     ^~~~~~~~~~~~~~~~
At top level:
../Core/Src/stm32l4xx_it.c:48:17: warning: 'curTime' defined but not used [-Wunused-variable]
   48 | static uint16_t curTime = 0;
      |                 ^~~~~~~
../Core/Src/stm32l4xx_it.c:47:20: warning: 'veloMultiplier' defined but not used [-Wunused-const-variable=]
   47 | static const float veloMultiplier = 3366.477273;
      |                    ^~~~~~~~~~~~~~
arm-none-eabi-gcc -o "TADAMHESPEV_integrate.elf" @"objects.list"   -mcpu=cortex-m4 -T"C:\Users\ndib8\Desktop\TADAMHESPEV\TADAMHESPEV\373_Proj\TADAMHESPEV_integration\TADAMHESPEV_integrate\STM32L4R5ZITXP_FLASH.ld" --specs=nosys.specs -Wl,-Map="TADAMHESPEV_integrate.map" -Wl,--gc-sections -static --specs=nano.specs -mfpu=fpv4-sp-d16 -mfloat-abi=hard -mthumb -u _printf_float -Wl,--start-group -lc -lm -Wl,--end-group
Finished building target: TADAMHESPEV_integrate.elf
 
arm-none-eabi-size   TADAMHESPEV_integrate.elf 
arm-none-eabi-objdump -h -S  TADAMHESPEV_integrate.elf  > "TADAMHESPEV_integrate.list"
   text	   data	    bss	    dec	    hex	filename
  43960	    480	   2880	  47320	   b8d8	TADAMHESPEV_integrate.elf
Finished building: default.size.stdout
 
Finished building: TADAMHESPEV_integrate.list
 
16:24:41 **** Incremental Build of configuration Debug for project TADAMHESPEV_integrate ****
make -j12 all 
arm-none-eabi-gcc "../Core/Src/main.c" -mcpu=cortex-m4 -std=gnu11 -g3 -DDEBUG -DUSE_HAL_DRIVER -DSTM32L4R5xx -c -I../Core/Inc -I../Drivers/STM32L4xx_HAL_Driver/Inc -I../Drivers/STM32L4xx_HAL_Driver/Inc/Legacy -I../Drivers/CMSIS/Device/ST/STM32L4xx/Include -I../Drivers/CMSIS/Include -O0 -ffunction-sections -fdata-sections -Wall -fstack-usage -fcyclomatic-complexity -MMD -MP -MF"Core/Src/main.d" -MT"Core/Src/main.o" --specs=nano.specs -mfpu=fpv4-sp-d16 -mfloat-abi=hard -mthumb -o "Core/Src/main.o"
../Core/Src/main.c: In function 'read_Temperature':
../Core/Src/main.c:89:33: warning: passing argument 2 of 'HAL_SPI_Receive' from incompatible pointer type [-Wincompatible-pointer-types]
   89 |         HAL_SPI_Receive(&hspi1, spi_buf, sizeof(spi_buf), 100);
      |                                 ^~~~~~~
      |                                 |
      |                                 uint16_t * {aka short unsigned int *}
In file included from ../Core/Inc/stm32l4xx_hal_conf.h:430,
                 from ../Drivers/STM32L4xx_HAL_Driver/Inc/stm32l4xx_hal.h:29,
                 from ../Core/Inc/main.h:30,
                 from ../Core/Src/main.c:20:
../Drivers/STM32L4xx_HAL_Driver/Inc/stm32l4xx_hal_spi.h:793:69: note: expected 'uint8_t *' {aka 'unsigned char *'} but argument is of type 'uint16_t *' {aka 'short unsigned int *'}
  793 | HAL_StatusTypeDef HAL_SPI_Receive(SPI_HandleTypeDef *hspi, uint8_t *pData, uint16_t Size, uint32_t Timeout);
      |                                                            ~~~~~~~~~^~~~~
arm-none-eabi-gcc -o "TADAMHESPEV_integrate.elf" @"objects.list"   -mcpu=cortex-m4 -T"C:\Users\ndib8\Desktop\TADAMHESPEV\TADAMHESPEV\373_Proj\TADAMHESPEV_integration\TADAMHESPEV_integrate\STM32L4R5ZITXP_FLASH.ld" --specs=nosys.specs -Wl,-Map="TADAMHESPEV_integrate.map" -Wl,--gc-sections -static --specs=nano.specs -mfpu=fpv4-sp-d16 -mfloat-abi=hard -mthumb -u _printf_float -Wl,--start-group -lc -lm -Wl,--end-group
Finished building target: TADAMHESPEV_integrate.elf
 
arm-none-eabi-size   TADAMHESPEV_integrate.elf 
arm-none-eabi-objdump -h -S  TADAMHESPEV_integrate.elf  > "TADAMHESPEV_integrate.list"
   text	   data	    bss	    dec	    hex	filename
  44008	    480	   2880	  47368	   b908	TADAMHESPEV_integrate.elf
Finished building: default.size.stdout
 
Finished building: TADAMHESPEV_integrate.list
 
16:25:28 **** Incremental Build of configuration Debug for project TADAMHESPEV_integrate ****
make -j12 all 
arm-none-eabi-gcc "../Core/Src/main.c" -mcpu=cortex-m4 -std=gnu11 -g3 -DDEBUG -DUSE_HAL_DRIVER -DSTM32L4R5xx -c -I../Core/Inc -I../Drivers/STM32L4xx_HAL_Driver/Inc -I../Drivers/STM32L4xx_HAL_Driver/Inc/Legacy -I../Drivers/CMSIS/Device/ST/STM32L4xx/Include -I../Drivers/CMSIS/Include -O0 -ffunction-sections -fdata-sections -Wall -fstack-usage -fcyclomatic-complexity -MMD -MP -MF"Core/Src/main.d" -MT"Core/Src/main.o" --specs=nano.specs -mfpu=fpv4-sp-d16 -mfloat-abi=hard -mthumb -o "Core/Src/main.o"
arm-none-eabi-gcc "../Core/Src/stm32l4xx_it.c" -mcpu=cortex-m4 -std=gnu11 -g3 -DDEBUG -DUSE_HAL_DRIVER -DSTM32L4R5xx -c -I../Core/Inc -I../Drivers/STM32L4xx_HAL_Driver/Inc -I../Drivers/STM32L4xx_HAL_Driver/Inc/Legacy -I../Drivers/CMSIS/Device/ST/STM32L4xx/Include -I../Drivers/CMSIS/Include -O0 -ffunction-sections -fdata-sections -Wall -fstack-usage -fcyclomatic-complexity -MMD -MP -MF"Core/Src/stm32l4xx_it.d" -MT"Core/Src/stm32l4xx_it.o" --specs=nano.specs -mfpu=fpv4-sp-d16 -mfloat-abi=hard -mthumb -o "Core/Src/stm32l4xx_it.o"
../Core/Src/stm32l4xx_it.c: In function 'HAL_TIM_PeriodElapsedCallback':
../Core/Src/stm32l4xx_it.c:261:37: warning: implicit declaration of function 'read_Temperature' [-Wimplicit-function-declaration]
  261 |                         temp1sum += read_Temperature(GPIO_PIN_5); // read for the first temp sensor
      |                                     ^~~~~~~~~~~~~~~~
At top level:
../Core/Src/stm32l4xx_it.c:48:17: warning: 'curTime' defined but not used [-Wunused-variable]
   48 | static uint16_t curTime = 0;
      |                 ^~~~~~~
../Core/Src/stm32l4xx_it.c:47:20: warning: 'veloMultiplier' defined but not used [-Wunused-const-variable=]
   47 | static const float veloMultiplier = 3366.477273;
      |                    ^~~~~~~~~~~~~~
../Core/Src/main.c: In function 'read_Temperature':
../Core/Src/main.c:89:33: warning: passing argument 2 of 'HAL_SPI_Receive' from incompatible pointer type [-Wincompatible-pointer-types]
   89 |         HAL_SPI_Receive(&hspi1, spi_buf, sizeof(spi_buf), 100);
      |                                 ^~~~~~~
      |                                 |
      |                                 uint16_t * {aka short unsigned int *}
In file included from ../Core/Inc/stm32l4xx_hal_conf.h:430,
                 from ../Drivers/STM32L4xx_HAL_Driver/Inc/stm32l4xx_hal.h:29,
                 from ../Core/Inc/main.h:30,
                 from ../Core/Src/main.c:20:
../Drivers/STM32L4xx_HAL_Driver/Inc/stm32l4xx_hal_spi.h:793:69: note: expected 'uint8_t *' {aka 'unsigned char *'} but argument is of type 'uint16_t *' {aka 'short unsigned int *'}
  793 | HAL_StatusTypeDef HAL_SPI_Receive(SPI_HandleTypeDef *hspi, uint8_t *pData, uint16_t Size, uint32_t Timeout);
      |                                                            ~~~~~~~~~^~~~~
arm-none-eabi-gcc -o "TADAMHESPEV_integrate.elf" @"objects.list"   -mcpu=cortex-m4 -T"C:\Users\ndib8\Desktop\TADAMHESPEV\TADAMHESPEV\373_Proj\TADAMHESPEV_integration\TADAMHESPEV_integrate\STM32L4R5ZITXP_FLASH.ld" --specs=nosys.specs -Wl,-Map="TADAMHESPEV_integrate.map" -Wl,--gc-sections -static --specs=nano.specs -mfpu=fpv4-sp-d16 -mfloat-abi=hard -mthumb -u _printf_float -Wl,--start-group -lc -lm -Wl,--end-group
Finished building target: TADAMHESPEV_integrate.elf
 
arm-none-eabi-size   TADAMHESPEV_integrate.elf 
arm-none-eabi-objdump -h -S  TADAMHESPEV_integrate.elf  > "TADAMHESPEV_integrate.list"
   text	   data	    bss	    dec	    hex	filename
  44336	    480	   2880	  47696	   ba50	TADAMHESPEV_integrate.elf
Finished building: default.size.stdout
 
Finished building: TADAMHESPEV_integrate.list
 
16:27:20 **** Incremental Build of configuration Debug for project TADAMHESPEV_integrate ****
make -j12 all 
arm-none-eabi-gcc "../Core/Src/main.c" -mcpu=cortex-m4 -std=gnu11 -g3 -DDEBUG -DUSE_HAL_DRIVER -DSTM32L4R5xx -c -I../Core/Inc -I../Drivers/STM32L4xx_HAL_Driver/Inc -I../Drivers/STM32L4xx_HAL_Driver/Inc/Legacy -I../Drivers/CMSIS/Device/ST/STM32L4xx/Include -I../Drivers/CMSIS/Include -O0 -ffunction-sections -fdata-sections -Wall -fstack-usage -fcyclomatic-complexity -MMD -MP -MF"Core/Src/main.d" -MT"Core/Src/main.o" --specs=nano.specs -mfpu=fpv4-sp-d16 -mfloat-abi=hard -mthumb -o "Core/Src/main.o"
../Core/Src/main.c: In function 'read_Temperature':
../Core/Src/main.c:89:33: warning: passing argument 2 of 'HAL_SPI_Receive' from incompatible pointer type [-Wincompatible-pointer-types]
   89 |         HAL_SPI_Receive(&hspi1, spi_buf, sizeof(spi_buf), 100);
      |                                 ^~~~~~~
      |                                 |
      |                                 uint16_t * {aka short unsigned int *}
In file included from ../Core/Inc/stm32l4xx_hal_conf.h:430,
                 from ../Drivers/STM32L4xx_HAL_Driver/Inc/stm32l4xx_hal.h:29,
                 from ../Core/Inc/main.h:30,
                 from ../Core/Src/main.c:20:
../Drivers/STM32L4xx_HAL_Driver/Inc/stm32l4xx_hal_spi.h:793:69: note: expected 'uint8_t *' {aka 'unsigned char *'} but argument is of type 'uint16_t *' {aka 'short unsigned int *'}
  793 | HAL_StatusTypeDef HAL_SPI_Receive(SPI_HandleTypeDef *hspi, uint8_t *pData, uint16_t Size, uint32_t Timeout);
      |                                                            ~~~~~~~~~^~~~~
arm-none-eabi-gcc -o "TADAMHESPEV_integrate.elf" @"objects.list"   -mcpu=cortex-m4 -T"C:\Users\ndib8\Desktop\TADAMHESPEV\TADAMHESPEV\373_Proj\TADAMHESPEV_integration\TADAMHESPEV_integrate\STM32L4R5ZITXP_FLASH.ld" --specs=nosys.specs -Wl,-Map="TADAMHESPEV_integrate.map" -Wl,--gc-sections -static --specs=nano.specs -mfpu=fpv4-sp-d16 -mfloat-abi=hard -mthumb -u _printf_float -Wl,--start-group -lc -lm -Wl,--end-group
Finished building target: TADAMHESPEV_integrate.elf
 
arm-none-eabi-size   TADAMHESPEV_integrate.elf 
arm-none-eabi-objdump -h -S  TADAMHESPEV_integrate.elf  > "TADAMHESPEV_integrate.list"
   text	   data	    bss	    dec	    hex	filename
  44336	    480	   2880	  47696	   ba50	TADAMHESPEV_integrate.elf
Finished building: default.size.stdout
 
Finished building: TADAMHESPEV_integrate.list
 
16:33:22 **** Incremental Build of configuration Debug for project TADAMHESPEV_integrate ****
make -j12 all 
arm-none-eabi-gcc "../Core/Src/main.c" -mcpu=cortex-m4 -std=gnu11 -g3 -DDEBUG -DUSE_HAL_DRIVER -DSTM32L4R5xx -c -I../Core/Inc -I../Drivers/STM32L4xx_HAL_Driver/Inc -I../Drivers/STM32L4xx_HAL_Driver/Inc/Legacy -I../Drivers/CMSIS/Device/ST/STM32L4xx/Include -I../Drivers/CMSIS/Include -O0 -ffunction-sections -fdata-sections -Wall -fstack-usage -fcyclomatic-complexity -MMD -MP -MF"Core/Src/main.d" -MT"Core/Src/main.o" --specs=nano.specs -mfpu=fpv4-sp-d16 -mfloat-abi=hard -mthumb -o "Core/Src/main.o"
arm-none-eabi-gcc "../Core/Src/stm32l4xx_it.c" -mcpu=cortex-m4 -std=gnu11 -g3 -DDEBUG -DUSE_HAL_DRIVER -DSTM32L4R5xx -c -I../Core/Inc -I../Drivers/STM32L4xx_HAL_Driver/Inc -I../Drivers/STM32L4xx_HAL_Driver/Inc/Legacy -I../Drivers/CMSIS/Device/ST/STM32L4xx/Include -I../Drivers/CMSIS/Include -O0 -ffunction-sections -fdata-sections -Wall -fstack-usage -fcyclomatic-complexity -MMD -MP -MF"Core/Src/stm32l4xx_it.d" -MT"Core/Src/stm32l4xx_it.o" --specs=nano.specs -mfpu=fpv4-sp-d16 -mfloat-abi=hard -mthumb -o "Core/Src/stm32l4xx_it.o"
../Core/Src/stm32l4xx_it.c: In function 'TIM1_TRG_COM_TIM17_IRQHandler':
../Core/Src/stm32l4xx_it.c:238:9: warning: implicit declaration of function 'printf' [-Wimplicit-function-declaration]
  238 |         printf("Speed: %f\n",(veloMultiplier / curTime));
      |         ^~~~~~
../Core/Src/stm32l4xx_it.c:28:1: note: include '<stdio.h>' or provide a declaration of 'printf'
   27 | #include "led.h"
  +++ |+#include <stdio.h>
   28 | /* USER CODE END Includes */
../Core/Src/stm32l4xx_it.c:238:9: warning: incompatible implicit declaration of built-in function 'printf' [-Wbuiltin-declaration-mismatch]
  238 |         printf("Speed: %f\n",(veloMultiplier / curTime));
      |         ^~~~~~
../Core/Src/stm32l4xx_it.c:238:9: note: include '<stdio.h>' or provide a declaration of 'printf'
../Core/Src/stm32l4xx_it.c: In function 'HAL_TIM_PeriodElapsedCallback':
../Core/Src/stm32l4xx_it.c:265:37: warning: implicit declaration of function 'read_Temperature' [-Wimplicit-function-declaration]
  265 |                         temp1sum += read_Temperature(GPIO_PIN_5); // read for the first temp sensor
      |                                     ^~~~~~~~~~~~~~~~
../Core/Src/main.c: In function 'read_Temperature':
../Core/Src/main.c:89:33: warning: passing argument 2 of 'HAL_SPI_Receive' from incompatible pointer type [-Wincompatible-pointer-types]
   89 |         HAL_SPI_Receive(&hspi1, spi_buf, sizeof(spi_buf), 100);
      |                                 ^~~~~~~
      |                                 |
      |                                 uint16_t * {aka short unsigned int *}
In file included from ../Core/Inc/stm32l4xx_hal_conf.h:430,
                 from ../Drivers/STM32L4xx_HAL_Driver/Inc/stm32l4xx_hal.h:29,
                 from ../Core/Inc/main.h:30,
                 from ../Core/Src/main.c:20:
../Drivers/STM32L4xx_HAL_Driver/Inc/stm32l4xx_hal_spi.h:793:69: note: expected 'uint8_t *' {aka 'unsigned char *'} but argument is of type 'uint16_t *' {aka 'short unsigned int *'}
  793 | HAL_StatusTypeDef HAL_SPI_Receive(SPI_HandleTypeDef *hspi, uint8_t *pData, uint16_t Size, uint32_t Timeout);
      |                                                            ~~~~~~~~~^~~~~
arm-none-eabi-gcc -o "TADAMHESPEV_integrate.elf" @"objects.list"   -mcpu=cortex-m4 -T"C:\Users\ndib8\Desktop\TADAMHESPEV\TADAMHESPEV\373_Proj\TADAMHESPEV_integration\TADAMHESPEV_integrate\STM32L4R5ZITXP_FLASH.ld" --specs=nosys.specs -Wl,-Map="TADAMHESPEV_integrate.map" -Wl,--gc-sections -static --specs=nano.specs -mfpu=fpv4-sp-d16 -mfloat-abi=hard -mthumb -u _printf_float -Wl,--start-group -lc -lm -Wl,--end-group
Finished building target: TADAMHESPEV_integrate.elf
 
arm-none-eabi-size   TADAMHESPEV_integrate.elf 
arm-none-eabi-objdump -h -S  TADAMHESPEV_integrate.elf  > "TADAMHESPEV_integrate.list"
   text	   data	    bss	    dec	    hex	filename
  44504	    480	   2888	  47872	   bb00	TADAMHESPEV_integrate.elf
Finished building: default.size.stdout
 
Finished building: TADAMHESPEV_integrate.list
 
16:34:57 **** Incremental Build of configuration Debug for project TADAMHESPEV_integrate ****
make -j12 all 
arm-none-eabi-size   TADAMHESPEV_integrate.elf 
   text	   data	    bss	    dec	    hex	filename
  44504	    480	   2888	  47872	   bb00	TADAMHESPEV_integrate.elf
Finished building: default.size.stdout
 
16:38:35 **** Incremental Build of configuration Debug for project TADAMHESPEV_integrate ****
make -j12 all 
arm-none-eabi-size   TADAMHESPEV_integrate.elf 
   text	   data	    bss	    dec	    hex	filename
  44504	    480	   2888	  47872	   bb00	TADAMHESPEV_integrate.elf
Finished building: default.size.stdout
 
16:40:23 **** Incremental Build of configuration Debug for project TADAMHESPEV_integrate ****
make -j12 all 
arm-none-eabi-gcc "../Core/Src/acc.c" -mcpu=cortex-m4 -std=gnu11 -g3 -DDEBUG -DUSE_HAL_DRIVER -DSTM32L4R5xx -c -I../Core/Inc -I../Drivers/STM32L4xx_HAL_Driver/Inc -I../Drivers/STM32L4xx_HAL_Driver/Inc/Legacy -I../Drivers/CMSIS/Device/ST/STM32L4xx/Include -I../Drivers/CMSIS/Include -O0 -ffunction-sections -fdata-sections -Wall -fstack-usage -fcyclomatic-complexity -MMD -MP -MF"Core/Src/acc.d" -MT"Core/Src/acc.o" --specs=nano.specs -mfpu=fpv4-sp-d16 -mfloat-abi=hard -mthumb -o "Core/Src/acc.o"
arm-none-eabi-gcc "../Core/Src/main.c" -mcpu=cortex-m4 -std=gnu11 -g3 -DDEBUG -DUSE_HAL_DRIVER -DSTM32L4R5xx -c -I../Core/Inc -I../Drivers/STM32L4xx_HAL_Driver/Inc -I../Drivers/STM32L4xx_HAL_Driver/Inc/Legacy -I../Drivers/CMSIS/Device/ST/STM32L4xx/Include -I../Drivers/CMSIS/Include -O0 -ffunction-sections -fdata-sections -Wall -fstack-usage -fcyclomatic-complexity -MMD -MP -MF"Core/Src/main.d" -MT"Core/Src/main.o" --specs=nano.specs -mfpu=fpv4-sp-d16 -mfloat-abi=hard -mthumb -o "Core/Src/main.o"
../Core/Src/acc.c: In function 'ReadAccData':
../Core/Src/acc.c:127:35: warning: variable 'ret' set but not used [-Wunused-but-set-variable]
  127 |                 HAL_StatusTypeDef ret = HAL_I2C_Master_Transmit(&hi2c1, ACC_I2C_ADDR << 1, buf, 1, 1000);
      |                                   ^~~
../Core/Src/acc.c: In function 'print_raw_acc_bin':
../Core/Src/acc.c:158:35: warning: variable 'ret' set but not used [-Wunused-but-set-variable]
  158 |                 HAL_StatusTypeDef ret = HAL_I2C_Master_Transmit(&hi2c1, ACC_I2C_ADDR << 1, buf, 1, 1000);
      |                                   ^~~
../Core/Src/main.c: In function 'read_Temperature':
../Core/Src/main.c:89:33: warning: passing argument 2 of 'HAL_SPI_Receive' from incompatible pointer type [-Wincompatible-pointer-types]
   89 |         HAL_SPI_Receive(&hspi1, spi_buf, sizeof(spi_buf), 100);
      |                                 ^~~~~~~
      |                                 |
      |                                 uint16_t * {aka short unsigned int *}
In file included from ../Core/Inc/stm32l4xx_hal_conf.h:430,
                 from ../Drivers/STM32L4xx_HAL_Driver/Inc/stm32l4xx_hal.h:29,
                 from ../Core/Inc/main.h:30,
                 from ../Core/Src/main.c:20:
../Drivers/STM32L4xx_HAL_Driver/Inc/stm32l4xx_hal_spi.h:793:69: note: expected 'uint8_t *' {aka 'unsigned char *'} but argument is of type 'uint16_t *' {aka 'short unsigned int *'}
  793 | HAL_StatusTypeDef HAL_SPI_Receive(SPI_HandleTypeDef *hspi, uint8_t *pData, uint16_t Size, uint32_t Timeout);
      |                                                            ~~~~~~~~~^~~~~
arm-none-eabi-gcc -o "TADAMHESPEV_integrate.elf" @"objects.list"   -mcpu=cortex-m4 -T"C:\Users\ndib8\Desktop\TADAMHESPEV\TADAMHESPEV\373_Proj\TADAMHESPEV_integration\TADAMHESPEV_integrate\STM32L4R5ZITXP_FLASH.ld" --specs=nosys.specs -Wl,-Map="TADAMHESPEV_integrate.map" -Wl,--gc-sections -static --specs=nano.specs -mfpu=fpv4-sp-d16 -mfloat-abi=hard -mthumb -u _printf_float -Wl,--start-group -lc -lm -Wl,--end-group
Finished building target: TADAMHESPEV_integrate.elf
 
arm-none-eabi-size   TADAMHESPEV_integrate.elf 
arm-none-eabi-objdump -h -S  TADAMHESPEV_integrate.elf  > "TADAMHESPEV_integrate.list"
   text	   data	    bss	    dec	    hex	filename
  44392	    480	   2888	  47760	   ba90	TADAMHESPEV_integrate.elf
Finished building: default.size.stdout
 
Finished building: TADAMHESPEV_integrate.list
 
16:46:30 **** Incremental Build of configuration Debug for project TADAMHESPEV_integrate ****
make -j12 all 
arm-none-eabi-gcc "../Core/Src/main.c" -mcpu=cortex-m4 -std=gnu11 -g3 -DDEBUG -DUSE_HAL_DRIVER -DSTM32L4R5xx -c -I../Core/Inc -I../Drivers/STM32L4xx_HAL_Driver/Inc -I../Drivers/STM32L4xx_HAL_Driver/Inc/Legacy -I../Drivers/CMSIS/Device/ST/STM32L4xx/Include -I../Drivers/CMSIS/Include -O0 -ffunction-sections -fdata-sections -Wall -fstack-usage -fcyclomatic-complexity -MMD -MP -MF"Core/Src/main.d" -MT"Core/Src/main.o" --specs=nano.specs -mfpu=fpv4-sp-d16 -mfloat-abi=hard -mthumb -o "Core/Src/main.o"
../Core/Src/main.c: In function 'read_Temperature':
../Core/Src/main.c:89:33: warning: passing argument 2 of 'HAL_SPI_Receive' from incompatible pointer type [-Wincompatible-pointer-types]
   89 |         HAL_SPI_Receive(&hspi1, spi_buf, sizeof(spi_buf), 100);
      |                                 ^~~~~~~
      |                                 |
      |                                 uint16_t * {aka short unsigned int *}
In file included from ../Core/Inc/stm32l4xx_hal_conf.h:430,
                 from ../Drivers/STM32L4xx_HAL_Driver/Inc/stm32l4xx_hal.h:29,
                 from ../Core/Inc/main.h:30,
                 from ../Core/Src/main.c:20:
../Drivers/STM32L4xx_HAL_Driver/Inc/stm32l4xx_hal_spi.h:793:69: note: expected 'uint8_t *' {aka 'unsigned char *'} but argument is of type 'uint16_t *' {aka 'short unsigned int *'}
  793 | HAL_StatusTypeDef HAL_SPI_Receive(SPI_HandleTypeDef *hspi, uint8_t *pData, uint16_t Size, uint32_t Timeout);
      |                                                            ~~~~~~~~~^~~~~
arm-none-eabi-gcc -o "TADAMHESPEV_integrate.elf" @"objects.list"   -mcpu=cortex-m4 -T"C:\Users\ndib8\Desktop\TADAMHESPEV\TADAMHESPEV\373_Proj\TADAMHESPEV_integration\TADAMHESPEV_integrate\STM32L4R5ZITXP_FLASH.ld" --specs=nosys.specs -Wl,-Map="TADAMHESPEV_integrate.map" -Wl,--gc-sections -static --specs=nano.specs -mfpu=fpv4-sp-d16 -mfloat-abi=hard -mthumb -u _printf_float -Wl,--start-group -lc -lm -Wl,--end-group
Finished building target: TADAMHESPEV_integrate.elf
 
arm-none-eabi-size   TADAMHESPEV_integrate.elf 
arm-none-eabi-objdump -h -S  TADAMHESPEV_integrate.elf  > "TADAMHESPEV_integrate.list"
   text	   data	    bss	    dec	    hex	filename
  44392	    480	   2888	  47760	   ba90	TADAMHESPEV_integrate.elf
Finished building: default.size.stdout
 
Finished building: TADAMHESPEV_integrate.list
 
16:53:44 **** Incremental Build of configuration Debug for project TADAMHESPEV_integrate ****
make -j12 all 
arm-none-eabi-size   TADAMHESPEV_integrate.elf 
   text	   data	    bss	    dec	    hex	filename
  44392	    480	   2888	  47760	   ba90	TADAMHESPEV_integrate.elf
Finished building: default.size.stdout
 
16:59:51 **** Incremental Build of configuration Debug for project TADAMHESPEV_integrate ****
make -j12 all 
arm-none-eabi-size   TADAMHESPEV_integrate.elf 
   text	   data	    bss	    dec	    hex	filename
  44392	    480	   2888	  47760	   ba90	TADAMHESPEV_integrate.elf
Finished building: default.size.stdout
 
17:01:16 **** Incremental Build of configuration Debug for project TADAMHESPEV_integrate ****
make -j12 all 
arm-none-eabi-size   TADAMHESPEV_integrate.elf 
   text	   data	    bss	    dec	    hex	filename
  44392	    480	   2888	  47760	   ba90	TADAMHESPEV_integrate.elf
Finished building: default.size.stdout
 
