../Core/Inc/TADAMHESPEVDataTemplate.h:28:13:TADStructToBuffer	16	static
../Core/Src/main.c:93:10:read_Temperature	32	static
../Core/Src/main.c:131:6:CalculateCurrent	24	static
../Core/Src/main.c:136:6:CalculateVoltage	24	static
../Core/Src/main.c:141:6:TakeADCMeasurement	8	static
../Core/Src/main.c:153:5:main	72	static
../Core/Src/main.c:271:6:SystemClock_Config	96	static
../Core/Src/main.c:316:13:MX_ADC1_Init	32	static
../Core/Src/main.c:383:13:MX_I2C1_Init	8	static
../Core/Src/main.c:431:13:MX_LPUART1_UART_Init	8	static
../Core/Src/main.c:479:13:MX_UART4_Init	8	static
../Core/Src/main.c:527:13:MX_SPI1_Init	8	static
../Core/Src/main.c:567:13:MX_SPI2_Init	8	static
../Core/Src/main.c:607:13:MX_TIM3_Init	40	static
../Core/Src/main.c:652:13:MX_TIM15_Init	40	static
../Core/Src/main.c:698:13:MX_TIM17_Init	24	static
../Core/Src/main.c:742:13:MX_DMA_Init	16	static
../Core/Src/main.c:761:13:MX_GPIO_Init	64	static
../Core/Src/main.c:968:1:__io_putchar	16	static
../Core/Src/main.c:974:6:HAL_ADC_ConvCpltCallback	16	static
../Core/Src/main.c:984:6:Error_Handler	4	static,ignoring_inline_asm
